Archive member included to satisfy reference by file (symbol)

C:/devkitPro/libctru/lib\libctru.a(console.o)
                              main.o (consoleInit)
C:/devkitPro/libctru/lib\libctru.a(gfx.o)
                              C:/devkitPro/libctru/lib\libctru.a(console.o) (gfxSetScreenFormat)
C:/devkitPro/libctru/lib\libctru.a(gx.o)
                              C:/devkitPro/libctru/lib\libctru.a(gfx.o) (gxCmdBuf)
C:/devkitPro/libctru/lib\libctru.a(gspgpu.o)
                              C:/devkitPro/libctru/lib\libctru.a(gfx.o) (gspInit)
C:/devkitPro/libctru/lib\libctru.a(apt.o)
                              main.o (aptMainLoop)
C:/devkitPro/libctru/lib\libctru.a(hid.o)
                              main.o (hidScanInput)
C:/devkitPro/libctru/lib\libctru.a(initSystem.o)
                              C:/devkitPro/libctru/lib\libctru.a(apt.o) (__system_retAddr)
C:/devkitPro/libctru/lib\libctru.a(syscalls.o)
                              C:/devkitPro/libctru/lib\libctru.a(initSystem.o) (__system_initSyscalls)
C:/devkitPro/libctru/lib\libctru.a(allocateHeaps.o)
                              C:/devkitPro/libctru/lib\libctru.a(initSystem.o) (__system_allocateHeaps)
C:/devkitPro/libctru/lib\libctru.a(initArgv.o)
                              C:/devkitPro/libctru/lib\libctru.a(initSystem.o) (__system_initArgv)
C:/devkitPro/libctru/lib\libctru.a(svc.o)
                              C:/devkitPro/libctru/lib\libctru.a(allocateHeaps.o) (svcControlMemory)
C:/devkitPro/libctru/lib\libctru.a(stack_adjust.o)
                              c:/devkitpro/devkitarm/bin/../lib/gcc/arm-none-eabi/8.1.0/../../../../arm-none-eabi/lib/armv6k/fpu/3dsx_crt0.o (initSystem)
C:/devkitPro/libctru/lib\libctru.a(default_font.bin.o)
                              C:/devkitPro/libctru/lib\libctru.a(console.o) (default_font_bin)
C:/devkitPro/libctru/lib\libctru.a(vram.o)
                              C:/devkitPro/libctru/lib\libctru.a(gfx.o) (vramAlloc)
C:/devkitPro/libctru/lib\libctru.a(mappable.o)
                              C:/devkitPro/libctru/lib\libctru.a(gfx.o) (mappableAlloc)
C:/devkitPro/libctru/lib\libctru.a(linear.o)
                              C:/devkitPro/libctru/lib\libctru.a(gfx.o) (linearAlloc)
C:/devkitPro/libctru/lib\libctru.a(mem_pool.o)
                              C:/devkitPro/libctru/lib\libctru.a(vram.o) (MemPool::Allocate(MemChunk&, unsigned long, int))
C:/devkitPro/libctru/lib\libctru.a(synchronization.o)
                              C:/devkitPro/libctru/lib\libctru.a(initSystem.o) (__sync_init)
C:/devkitPro/libctru/lib\libctru.a(os.o)
                              C:/devkitPro/libctru/lib\libctru.a(allocateHeaps.o) (osGetMemRegionUsed)
C:/devkitPro/libctru/lib\libctru.a(srv.o)
                              C:/devkitPro/libctru/lib\libctru.a(apt.o) (srvInit)
C:/devkitPro/libctru/lib\libctru.a(thread.o)
                              C:/devkitPro/libctru/lib\libctru.a(gspgpu.o) (threadCreate)
C:/devkitPro/libctru/lib\libctru.a(irrst.o)
                              C:/devkitPro/libctru/lib\libctru.a(hid.o) (irrstScanInput)
C:/devkitPro/libctru/lib\libctru.a(srvpm.o)
                              C:/devkitPro/libctru/lib\libctru.a(srv.o) (srvPmGetSessionHandle)
C:/devkitPro/libctru/lib\libctru.a(ptmsysm.o)
                              C:/devkitPro/libctru/lib\libctru.a(os.o) (ptmSysmInit)
C:/devkitPro/libctru/lib\libctru.a(rbtree_init.o)
                              C:/devkitPro/libctru/lib\libctru.a(vram.o) (rbtree_init)
C:/devkitPro/libctru/lib\libctru.a(rbtree_insert.o)
                              C:/devkitPro/libctru/lib\libctru.a(vram.o) (rbtree_insert)
C:/devkitPro/libctru/lib\libctru.a(rbtree_rotate.o)
                              C:/devkitPro/libctru/lib\libctru.a(rbtree_insert.o) (rbtree_rotate)
C:/devkitPro/libctru/lib\libctru.a(rbtree_remove.o)
                              C:/devkitPro/libctru/lib\libctru.a(vram.o) (rbtree_remove)
C:/devkitPro/libctru/lib\libctru.a(rbtree_find.o)
                              C:/devkitPro/libctru/lib\libctru.a(vram.o) (rbtree_find)
C:/devkitPro/libctru/lib\libctru.a(appInit.o)
                              C:/devkitPro/libctru/lib\libctru.a(stack_adjust.o) (__appInit)
C:/devkitPro/libctru/lib\libctru.a(appExit.o)
                              C:/devkitPro/libctru/lib\libctru.a(stack_adjust.o) (__appExit)
C:/devkitPro/libctru/lib\libctru.a(ctru_exit.o)
                              C:/devkitPro/libctru/lib\libctru.a(stack_adjust.o) (__libctru_exit)
C:/devkitPro/libctru/lib\libctru.a(env.o)
                              C:/devkitPro/libctru/lib\libctru.a(srv.o) (envGetHandle)
C:/devkitPro/libctru/lib\libctru.a(sdmc_dev.o)
                              C:/devkitPro/libctru/lib\libctru.a(appInit.o) (sdmcInit)
C:/devkitPro/libctru/lib\libctru.a(fs.o)
                              C:/devkitPro/libctru/lib\libctru.a(appInit.o) (fsInit)
C:/devkitPro/libctru/lib\libctru.a(rbtree_iterator.o)
[...]
Memory Configuration

Name             Origin             Length             Attributes
*default*        0x0000000000000000 0xffffffffffffffff

Linker script and memory map

                0x0000000000100000                PROVIDE (__start__ = 0x100000)
                0x0000000000100000                . = __start__

.text           0x0000000000100000    0x1c100
 *(.crt0)
 .crt0          0x0000000000100000       0x94 c:/devkitpro/devkitarm/bin/../lib/gcc/arm-none-eabi/8.1.0/../../../../arm-none-eabi/lib/armv6k/fpu/3dsx_crt0.o
                0x0000000000100000                _start
                0x0000000000100008                __service_ptr
                0x000000000010000c                __apt_appid
                0x0000000000100010                __heap_size
                0x0000000000100014                __linear_heap_size
                0x0000000000100018                __system_arglist
                0x000000000010001c                __system_runflags
 *(.init)
 .init          0x0000000000100094        0xc c:/devkitpro/devkitarm/bin/../lib/gcc/arm-none-eabi/8.1.0/armv6k/fpu/crti.o
                0x0000000000100094                _init
 .init          0x00000000001000a0        0xc c:/devkitpro/devkitarm/bin/../lib/gcc/arm-none-eabi/8.1.0/armv6k/fpu/crtn.o
                0x00000000001000ac                . = ALIGN (0x4)
 *(.text)
 .text          0x00000000001000ac       0x64 C:/devkitPro/libctru/lib\libctru.a(stack_adjust.o)
                0x00000000001000ac                initSystem
                0x00000000001000f0                __ctru_exit
 .text          0x0000000000100110      0x240 c:/devkitpro/devkitarm/bin/../lib/gcc/arm-none-eabi/8.1.0/armv6k/fpu\libgcc.a(_divsi3.o)
                0x0000000000100110                __divsi3
                0x0000000000100110                __aeabi_idiv
                0x0000000000100330                __aeabi_idivmod
 .text          0x0000000000100350        0x4 c:/devkitpro/devkitarm/bin/../lib/gcc/arm-none-eabi/8.1.0/armv6k/fpu\libgcc.a(_dvmd_tls.o)
                0x0000000000100350                __aeabi_idiv0
                0x0000000000100350                __aeabi_ldiv0
 .text          0x0000000000100354       0x3c c:/devkitpro/devkitarm/bin/../lib/gcc/arm-none-eabi/8.1.0/armv6k/fpu\libgcc.a(_aeabi_uldivmod.o)
                0x0000000000100354                __aeabi_uldivmod
 *fill*         0x0000000000100390       0x10 
 .text          0x00000000001003a0      0x390 c:/devkitpro/devkitarm/bin/../lib/gcc/arm-none-eabi/8.1.0/../../../../arm-none-eabi/lib/armv6k/fpu\libg.a(lib_a-strcmp.o)
                0x00000000001003a8                strcmp
 .text          0x0000000000100730      0x20c c:/devkitpro/devkitarm/bin/../lib/gcc/arm-none-eabi/8.1.0/armv6k/fpu\libgcc.a(_udivsi3.o)
                0x0000000000100730                __aeabi_uidiv
                0x0000000000100730                __udivsi3
                0x000000000010091c                __aeabi_uidivmod
 *(.text.*)
 .text.deregister_tm_clones
                0x000000000010093c       0x2c c:/devkitpro/devkitarm/bin/../lib/gcc/arm-none-eabi/8.1.0/armv6k/fpu/crtbegin.o
 .text.register_tm_clones
                0x0000000000100968       0x38 c:/devkitpro/devkitarm/bin/../lib/gcc/arm-none-eabi/8.1.0/armv6k/fpu/crtbegin.o
 .text.__do_global_dtors_aux
                0x00000000001009a0       0x44 c:/devkitpro/devkitarm/bin/../lib/gcc/arm-none-eabi/8.1.0/armv6k/fpu/crtbegin.o
 .text.frame_dummy
                0x00000000001009e4       0x34 c:/devkitpro/devkitarm/bin/../lib/gcc/arm-none-eabi/8.1.0/armv6k/fpu/crtbegin.o
 .text.startup.main
                0x0000000000100a18       0x64 main.o
                0x0000000000100a18                main
 .text.consoleDrawChar
                0x0000000000100a7c      0x1b8 C:/devkitPro/libctru/lib\libctru.a(console.o)
                0x0000000000100a7c                consoleDrawChar
 .text.consolePrintChar
                0x0000000000100c34      0x124 C:/devkitPro/libctru/lib\libctru.a(console.o)
                0x0000000000100c34                consolePrintChar
 .text.consoleCls
                0x0000000000100d58      0x164 C:/devkitPro/libctru/lib\libctru.a(console.o)
 .text.consoleInit
                0x0000000000100ebc      0x104 C:/devkitPro/libctru/lib\libctru.a(console.o)
                0x0000000000100ebc                consoleInit
 .text.consoleClearLine
                0x0000000000100fc0      0x114 C:/devkitPro/libctru/lib\libctru.a(console.o)
 .text.newRow   0x00000000001010d4       0xc4 C:/devkitPro/libctru/lib\libctru.a(console.o)
 .text.con_write
                0x0000000000101198      0x7b8 C:/devkitPro/libctru/lib\libctru.a(console.o)
                0x0000000000101198                con_write
 .text.gfxSetFramebufferInfo.part.0
                0x0000000000101950       0x8c C:/devkitPro/libctru/lib\libctru.a(gfx.o)
 .text.gfxSetFramebufferInfo
                0x00000000001019dc       0x6c C:/devkitPro/libctru/lib\libctru.a(gfx.o)
 .text.gfxGetFramebuffer.part.1
                0x0000000000101a48       0x58 C:/devkitPro/libctru/lib\libctru.a(gfx.o)
 .text.__get_bytes_per_pixel
                0x0000000000101aa0       0x18 C:/devkitPro/libctru/lib\libctru.a(gfx.o)
                0x0000000000101aa0                __get_bytes_per_pixel
 .text.gfxSetScreenFormat
                0x0000000000101ab8      0x184 C:/devkitPro/libctru/lib\libctru.a(gfx.o)
                0x0000000000101ab8                gfxSetScreenFormat
 .text.gfxSetDoubleBuffering
                0x0000000000101c3c       0x10 C:/devkitPro/libctru/lib\libctru.a(gfx.o)
                0x0000000000101c3c                gfxSetDoubleBuffering
 .text.gfxInit  0x0000000000101c4c      0x210 C:/devkitPro/libctru/lib\libctru.a(gfx.o)
                0x0000000000101c4c                gfxInit
 .text.gfxInitDefault
                0x0000000000101e5c       0x10 C:/devkitPro/libctru/lib\libctru.a(gfx.o)
                0x0000000000101e5c                gfxInitDefault
 .text.gfxExit  0x0000000000101e6c       0xe0 C:/devkitPro/libctru/lib\libctru.a(gfx.o)
                0x0000000000101e6c                gfxExit
 .text.gfxGetFramebuffer
                0x0000000000101f4c       0x60 C:/devkitPro/libctru/lib\libctru.a(gfx.o)
                0x0000000000101f4c                gfxGetFramebuffer
 .text.gfxFlushBuffers
                0x0000000000101fac       0xcc C:/devkitPro/libctru/lib\libctru.a(gfx.o)
                0x0000000000101fac                gfxFlushBuffers
 .text.gfxConfigScreen
                0x0000000000102078       0xf8 C:/devkitPro/libctru/lib\libctru.a(gfx.o)
                0x0000000000102078                gfxConfigScreen
 .text.gfxSwapBuffersGpu
                0x0000000000102170       0x20 C:/devkitPro/libctru/lib\libctru.a(gfx.o)
                0x0000000000102170                gfxSwapBuffersGpu
 .text.gspInit  0x0000000000102190       0x74 C:/devkitPro/libctru/lib\libctru.a(gspgpu.o)
                0x0000000000102190                gspInit
 .text.gspExit  0x0000000000102204       0x3c C:/devkitPro/libctru/lib\libctru.a(gspgpu.o)
                0x0000000000102204                gspExit
 .text.gspInitEventHandler
                0x0000000000102240       0xa0 C:/devkitPro/libctru/lib\libctru.a(gspgpu.o)
                0x0000000000102240                gspInitEventHandler
 .text.gspExitEventHandler
                0x00000000001022e0       0x40 C:/devkitPro/libctru/lib\libctru.a(gspgpu.o)
                0x00000000001022e0                gspExitEventHandler
 .text.gspWaitForEvent
                0x0000000000102320       0x44 C:/devkitPro/libctru/lib\libctru.a(gspgpu.o)
                0x0000000000102320                gspWaitForEvent
 .text.gxCmdQueueInterrupt
                0x0000000000102364        0x4 C:/devkitPro/libctru/lib\libctru.a(gspgpu.o)
                0x0000000000102364                gxCmdQueueInterrupt
 .text.gspEventThreadMain
                0x0000000000102368      0x178 C:/devkitPro/libctru/lib\libctru.a(gspgpu.o)
 .text.GSPGPU_SetBufferSwap
                0x00000000001024e0       0x6c C:/devkitPro/libctru/lib\libctru.a(gspgpu.o)
                0x00000000001024e0                GSPGPU_SetBufferSwap
 .text.GSPGPU_FlushDataCache
                0x000000000010254c       0x4c C:/devkitPro/libctru/lib\libctru.a(gspgpu.o)
                0x000000000010254c                GSPGPU_FlushDataCache
 .text.GSPGPU_SetLcdForceBlack
                0x0000000000102598       0x34 C:/devkitPro/libctru/lib\libctru.a(gspgpu.o)
                0x0000000000102598                GSPGPU_SetLcdForceBlack
 .text.GSPGPU_RegisterInterruptRelayQueue
                0x00000000001025cc       0x64 C:/devkitPro/libctru/lib\libctru.a(gspgpu.o)
                0x00000000001025cc                GSPGPU_RegisterInterruptRelayQueue
 .text.GSPGPU_UnregisterInterruptRelayQueue
                0x0000000000102630       0x2c C:/devkitPro/libctru/lib\libctru.a(gspgpu.o)
                0x0000000000102630                GSPGPU_UnregisterInterruptRelayQueue
 .text.GSPGPU_AcquireRight
                0x000000000010265c       0x48 C:/devkitPro/libctru/lib\libctru.a(gspgpu.o)
                0x000000000010265c                GSPGPU_AcquireRight
 .text.GSPGPU_ReleaseRight
                0x00000000001026a4       0x2c C:/devkitPro/libctru/lib\libctru.a(gspgpu.o)
                0x00000000001026a4                GSPGPU_ReleaseRight
 .text.GSPGPU_ImportDisplayCaptureInfo
                0x00000000001026d0       0x80 C:/devkitPro/libctru/lib\libctru.a(gspgpu.o)
                0x00000000001026d0                GSPGPU_ImportDisplayCaptureInfo
 .text.GSPGPU_SaveVramSysArea
                0x0000000000102750       0x2c C:/devkitPro/libctru/lib\libctru.a(gspgpu.o)
                0x0000000000102750                GSPGPU_SaveVramSysArea
 .text.GSPGPU_RestoreVramSysArea
                0x000000000010277c       0x2c C:/devkitPro/libctru/lib\libctru.a(gspgpu.o)
                0x000000000010277c                GSPGPU_RestoreVramSysArea
 .text._aptDebug
                0x00000000001027a8        0x4 C:/devkitPro/libctru/lib\libctru.a(apt.o)
                0x00000000001027a8                _aptDebug
 .text.aptSendCommand
                0x00000000001027ac      0x170 C:/devkitPro/libctru/lib\libctru.a(apt.o)
                0x00000000001027ac                aptSendCommand
 .text.aptExitProcess
                0x000000000010291c       0x3c C:/devkitPro/libctru/lib\libctru.a(apt.o)
 .text.APT_InquireNotification
                0x0000000000102958       0x4c C:/devkitPro/libctru/lib\libctru.a(apt.o)
                0x0000000000102958                APT_InquireNotification
 .text.aptEventHandler
                0x00000000001029a4      0x198 C:/devkitPro/libctru/lib\libctru.a(apt.o)
 .text.APT_AppletUtility
                0x0000000000102b3c       0x74 C:/devkitPro/libctru/lib\libctru.a(apt.o)
                0x0000000000102b3c                APT_AppletUtility
 .text.aptSetSleepAllowed
                0x0000000000102bb0       0xb0 C:/devkitPro/libctru/lib\libctru.a(apt.o)
                0x0000000000102bb0                aptSetSleepAllowed
 .text.APT_GlanceParameter
                0x0000000000102c60       0xb0 C:/devkitPro/libctru/lib\libctru.a(apt.o)
                0x0000000000102c60                APT_GlanceParameter
 .text.APT_ReceiveParameter
                0x0000000000102d10       0xc4 C:/devkitPro/libctru/lib\libctru.a(apt.o)
                0x0000000000102d10                APT_ReceiveParameter
 .text.aptReceiveParameter.constprop.0
                0x0000000000102dd4       0xbc C:/devkitPro/libctru/lib\libctru.a(apt.o)
 .text.aptScreenTransfer
                0x0000000000102e90      0x1e0 C:/devkitPro/libctru/lib\libctru.a(apt.o)
 .text.aptWaitForWakeUp
                0x0000000000103070      0x210 C:/devkitPro/libctru/lib\libctru.a(apt.o)
 .text.APT_CancelParameter
                0x0000000000103280       0x70 C:/devkitPro/libctru/lib\libctru.a(apt.o)
                0x0000000000103280                APT_CancelParameter
 .text.aptInit  0x00000000001032f0      0x25c C:/devkitPro/libctru/lib\libctru.a(apt.o)
                0x00000000001032f0                aptInit
 .text.aptClearParamQueue
                0x000000000010354c       0x88 C:/devkitPro/libctru/lib\libctru.a(apt.o)
 .text.aptMainLoop
                0x00000000001035d4      0x208 C:/devkitPro/libctru/lib\libctru.a(apt.o)
                0x00000000001035d4                aptMainLoop
 *fill*         0x00000000001037dc        0x4 
 .text.aptExit  0x00000000001037e0      0x23c C:/devkitPro/libctru/lib\libctru.a(apt.o)
                0x00000000001037e0                aptExit
 .text.APT_CheckNew3DS
                0x0000000000103a1c       0x7c C:/devkitPro/libctru/lib\libctru.a(apt.o)
                0x0000000000103a1c                APT_CheckNew3DS
 .text.hidCheckSectionUpdateTime.part.0
                0x0000000000103a98       0x28 C:/devkitPro/libctru/lib\libctru.a(hid.o)
 .text.hidExit  0x0000000000103ac0       0xd0 C:/devkitPro/libctru/lib\libctru.a(hid.o)
                0x0000000000103ac0                hidExit
 .text.hidScanInput
                0x0000000000103b90      0x210 C:/devkitPro/libctru/lib\libctru.a(hid.o)
                0x0000000000103b90                hidScanInput
 .text.hidKeysDown
                0x0000000000103da0       0x10 C:/devkitPro/libctru/lib\libctru.a(hid.o)
                0x0000000000103da0                hidKeysDown
 .text.HIDUSER_GetHandles
                0x0000000000103db0       0x90 C:/devkitPro/libctru/lib\libctru.a(hid.o)
                0x0000000000103db0                HIDUSER_GetHandles
 .text.hidInit  0x0000000000103e40      0x1a4 C:/devkitPro/libctru/lib\libctru.a(hid.o)
                0x0000000000103e40                hidInit
 .text.__libctru_init
                0x0000000000103fe4       0x38 C:/devkitPro/libctru/lib\libctru.a(initSystem.o)
                0x0000000000103fe4                __libctru_init
 .text.__ctru_get_reent
                0x000000000010401c       0x30 C:/devkitPro/libctru/lib\libctru.a(syscalls.o)
 .text.__system_initSyscalls
                0x000000000010404c       0xe8 C:/devkitPro/libctru/lib\libctru.a(syscalls.o)
                0x000000000010404c                __system_initSyscalls
 .text.__system_allocateHeaps
                0x0000000000104134      0x104 C:/devkitPro/libctru/lib\libctru.a(allocateHeaps.o)
                0x0000000000104134                __system_allocateHeaps
 .text.__system_initArgv
                0x0000000000104238       0xf0 C:/devkitPro/libctru/lib\libctru.a(initArgv.o)
                0x0000000000104238                __system_initArgv
 .text.svcControlMemory
                0x0000000000104328       0x20 C:/devkitPro/libctru/lib\libctru.a(svc.o)
                0x0000000000104328                svcControlMemory
 .text.svcExitProcess
                0x0000000000104348        0x8 C:/devkitPro/libctru/lib\libctru.a(svc.o)
                0x0000000000104348                svcExitProcess
 .text.svcCreateThread
                0x0000000000104350       0x20 C:/devkitPro/libctru/lib\libctru.a(svc.o)
                0x0000000000104350                svcCreateThread
 .text.svcExitThread
                0x0000000000104370        0x8 C:/devkitPro/libctru/lib\libctru.a(svc.o)
                0x0000000000104370                svcExitThread
 .text.svcSleepThread
                0x0000000000104378        0x8 C:/devkitPro/libctru/lib\libctru.a(svc.o)
                0x0000000000104378                svcSleepThread
 .text.svcReleaseMutex
                0x0000000000104380        0x8 C:/devkitPro/libctru/lib\libctru.a(svc.o)
                0x0000000000104380                svcReleaseMutex
 .text.svcCreateEvent
                0x0000000000104388       0x14 C:/devkitPro/libctru/lib\libctru.a(svc.o)
                0x0000000000104388                svcCreateEvent
 .text.svcSignalEvent
                0x000000000010439c        0x8 C:/devkitPro/libctru/lib\libctru.a(svc.o)
                0x000000000010439c                svcSignalEvent
 .text.svcClearEvent
                0x00000000001043a4        0x8 C:/devkitPro/libctru/lib\libctru.a(svc.o)
                0x00000000001043a4                svcClearEvent
 .text.svcMapMemoryBlock
                0x00000000001043ac        0x8 C:/devkitPro/libctru/lib\libctru.a(svc.o)
                0x00000000001043ac                svcMapMemoryBlock
 .text.svcUnmapMemoryBlock
                0x00000000001043b4        0x8 C:/devkitPro/libctru/lib\libctru.a(svc.o)
                0x00000000001043b4                svcUnmapMemoryBlock
 .text.svcCreateAddressArbiter
                0x00000000001043bc       0x14 C:/devkitPro/libctru/lib\libctru.a(svc.o)
                0x00000000001043bc                svcCreateAddressArbiter
 .text.svcArbitrateAddress
                0x00000000001043d0       0x18 C:/devkitPro/libctru/lib\libctru.a(svc.o)
                0x00000000001043d0                svcArbitrateAddress
 .text.svcCloseHandle
                0x00000000001043e8        0x8 C:/devkitPro/libctru/lib\libctru.a(svc.o)
                0x00000000001043e8                svcCloseHandle
 .text.svcWaitSynchronization
                0x00000000001043f0        0x8 C:/devkitPro/libctru/lib\libctru.a(svc.o)
                0x00000000001043f0                svcWaitSynchronization
 .text.svcWaitSynchronizationN
                0x00000000001043f8       0x28 C:/devkitPro/libctru/lib\libctru.a(svc.o)
                0x00000000001043f8                svcWaitSynchronizationN
 .text.svcDuplicateHandle
                0x0000000000104420       0x14 C:/devkitPro/libctru/lib\libctru.a(svc.o)
                0x0000000000104420                svcDuplicateHandle
 .text.svcGetSystemTick
                0x0000000000104434        0x8 C:/devkitPro/libctru/lib\libctru.a(svc.o)
                0x0000000000104434                svcGetSystemTick
 .text.svcGetSystemInfo
                0x000000000010443c       0x18 C:/devkitPro/libctru/lib\libctru.a(svc.o)
                0x000000000010443c                svcGetSystemInfo
 .text.svcConnectToPort
                0x0000000000104454       0x14 C:/devkitPro/libctru/lib\libctru.a(svc.o)
                0x0000000000104454                svcConnectToPort
 .text.svcSendSyncRequest
                0x0000000000104468        0x8 C:/devkitPro/libctru/lib\libctru.a(svc.o)
                0x0000000000104468                svcSendSyncRequest
 .text.svcBreak
                0x0000000000104470        0x8 C:/devkitPro/libctru/lib\libctru.a(svc.o)
                0x0000000000104470                svcBreak
 .text._ZL21addrMapNodeComparatorPK11rbtree_nodeS1_
                0x0000000000104478       0x24 C:/devkitPro/libctru/lib\libctru.a(vram.o)
 .text._ZL21addrMapNodeDestructorP11rbtree_node
                0x000000000010449c        0x4 C:/devkitPro/libctru/lib\libctru.a(vram.o)
 .text.vramMemAlign
                0x00000000001044a0      0x110 C:/devkitPro/libctru/lib\libctru.a(vram.o)
                0x00000000001044a0                vramMemAlign
 .text.vramAlloc
                0x00000000001045b0        0x8 C:/devkitPro/libctru/lib\libctru.a(vram.o)
                0x00000000001045b0                vramAlloc
 .text.vramFree
                0x00000000001045b8       0x50 C:/devkitPro/libctru/lib\libctru.a(vram.o)
                0x00000000001045b8                vramFree
 .text._ZL21addrMapNodeComparatorPK11rbtree_nodeS1_
                0x0000000000104608       0x24 C:/devkitPro/libctru/lib\libctru.a(mappable.o)
 .text._ZL21addrMapNodeDestructorP11rbtree_node
                0x000000000010462c        0x4 C:/devkitPro/libctru/lib\libctru.a(mappable.o)
 .text.mappableAlloc
                0x0000000000104630       0xe4 C:/devkitPro/libctru/lib\libctru.a(mappable.o)
                0x0000000000104630                mappableAlloc
 .text.mappableFree
                0x0000000000104714       0x50 C:/devkitPro/libctru/lib\libctru.a(mappable.o)
                0x0000000000104714                mappableFree
 .text._ZL21addrMapNodeComparatorPK11rbtree_nodeS1_
                0x0000000000104764       0x24 C:/devkitPro/libctru/lib\libctru.a(linear.o)
 .text._ZL21addrMapNodeDestructorP11rbtree_node
                0x0000000000104788        0x4 C:/devkitPro/libctru/lib\libctru.a(linear.o)
 .text.linearMemAlign
                0x000000000010478c      0x11c C:/devkitPro/libctru/lib\libctru.a(linear.o)
                0x000000000010478c                linearMemAlign
 .text.linearAlloc
                0x00000000001048a8        0x8 C:/devkitPro/libctru/lib\libctru.a(linear.o)
                0x00000000001048a8                linearAlloc
 .text.linearFree
                0x00000000001048b0       0x50 C:/devkitPro/libctru/lib\libctru.a(linear.o)
                0x00000000001048b0                linearFree
 .text._ZN7MemPool13CoalesceRightEP8MemBlock
                0x0000000000104900       0x90 C:/devkitPro/libctru/lib\libctru.a(mem_pool.o)
                0x0000000000104900                MemPool::CoalesceRight(MemBlock*)
 .text._ZN7MemPool8AllocateER8MemChunkmi
                0x0000000000104990      0x174 C:/devkitPro/libctru/lib\libctru.a(mem_pool.o)
                0x0000000000104990                MemPool::Allocate(MemChunk&, unsigned long, int)
 .text._ZN7MemPool10DeallocateERK8MemChunk
                0x0000000000104b04       0xfc C:/devkitPro/libctru/lib\libctru.a(mem_pool.o)
                0x0000000000104b04                MemPool::Deallocate(MemChunk const&)
 .text.LightLock_Unlock.part.1
                0x0000000000104c00       0x38 C:/devkitPro/libctru/lib\libctru.a(synchronization.o)
 .text.__sync_init
                0x0000000000104c38        0xc C:/devkitPro/libctru/lib\libctru.a(synchronization.o)
                0x0000000000104c38                __sync_init
 .text.__sync_fini
                0x0000000000104c44       0x18 C:/devkitPro/libctru/lib\libctru.a(synchronization.o)
                0x0000000000104c44                __sync_fini
 .text.__sync_get_arbiter
                0x0000000000104c5c       0x10 C:/devkitPro/libctru/lib\libctru.a(synchronization.o)
                0x0000000000104c5c                __sync_get_arbiter
 .text.LightLock_Init
                0x0000000000104c6c       0x18 C:/devkitPro/libctru/lib\libctru.a(synchronization.o)
                0x0000000000104c6c                LightLock_Init
 .text.LightLock_Lock
                0x0000000000104c84       0x9c C:/devkitPro/libctru/lib\libctru.a(synchronization.o)
                0x0000000000104c84                LightLock_Lock
 .text.LightLock_TryLock
                0x0000000000104d20       0x34 C:/devkitPro/libctru/lib\libctru.a(synchronization.o)
                0x0000000000104d20                LightLock_TryLock
 .text.LightLock_Unlock
                0x0000000000104d54       0x20 C:/devkitPro/libctru/lib\libctru.a(synchronization.o)
                0x0000000000104d54                LightLock_Unlock
 .text.RecursiveLock_Init
                0x0000000000104d74       0x24 C:/devkitPro/libctru/lib\libctru.a(synchronization.o)
                0x0000000000104d74                RecursiveLock_Init
 .text.RecursiveLock_Lock
                0x0000000000104d98       0x30 C:/devkitPro/libctru/lib\libctru.a(synchronization.o)
                0x0000000000104d98                RecursiveLock_Lock
 .text.RecursiveLock_TryLock
                0x0000000000104dc8       0x58 C:/devkitPro/libctru/lib\libctru.a(synchronization.o)
                0x0000000000104dc8                RecursiveLock_TryLock
 .text.RecursiveLock_Unlock
                0x0000000000104e20       0x38 C:/devkitPro/libctru/lib\libctru.a(synchronization.o)
                0x0000000000104e20                RecursiveLock_Unlock
 .text.LightEvent_Init
                0x0000000000104e58       0x38 C:/devkitPro/libctru/lib\libctru.a(synchronization.o)
                0x0000000000104e58                LightEvent_Init
 .text.LightEvent_Clear
                0x0000000000104e90       0x7c C:/devkitPro/libctru/lib\libctru.a(synchronization.o)
                0x0000000000104e90                LightEvent_Clear
 .text.LightEvent_Signal
                0x0000000000104f0c       0xdc C:/devkitPro/libctru/lib\libctru.a(synchronization.o)
                0x0000000000104f0c                LightEvent_Signal
 .text.LightEvent_Wait
                0x0000000000104fe8       0xc0 C:/devkitPro/libctru/lib\libctru.a(synchronization.o)
                0x0000000000104fe8                LightEvent_Wait
 .text.getSysTime
                0x00000000001050a8       0x58 C:/devkitPro/libctru/lib\libctru.a(os.o)
 .text.__ctru_speedup_config.part.0
                0x0000000000105100       0x28 C:/devkitPro/libctru/lib\libctru.a(os.o)
 .text.osGetMemRegionUsed
                0x0000000000105128       0x24 C:/devkitPro/libctru/lib\libctru.a(os.o)
                0x0000000000105128                osGetMemRegionUsed
 *fill*         0x000000000010514c        0x4 
 .text.__libctru_gtod
                0x0000000000105150      0x128 C:/devkitPro/libctru/lib\libctru.a(os.o)
                0x0000000000105150                __libctru_gtod
 .text.__ctru_speedup_config
                0x0000000000105278       0x18 C:/devkitPro/libctru/lib\libctru.a(os.o)
                0x0000000000105278                __ctru_speedup_config
 .text.srvExit  0x0000000000105290       0x58 C:/devkitPro/libctru/lib\libctru.a(srv.o)
                0x0000000000105290                srvExit
 .text.srvRegisterClient
                0x00000000001052e8       0x38 C:/devkitPro/libctru/lib\libctru.a(srv.o)
                0x00000000001052e8                srvRegisterClient
 .text.srvInit  0x0000000000105320       0xc8 C:/devkitPro/libctru/lib\libctru.a(srv.o)
                0x0000000000105320                srvInit
 .text.srvGetServiceHandleDirect
                0x00000000001053e8       0x80 C:/devkitPro/libctru/lib\libctru.a(srv.o)
                0x00000000001053e8                srvGetServiceHandleDirect
 .text.srvGetServiceHandle
                0x0000000000105468       0x38 C:/devkitPro/libctru/lib\libctru.a(srv.o)
                0x0000000000105468                srvGetServiceHandle
 .text.threadFree.part.0
                0x00000000001054a0       0x1c C:/devkitPro/libctru/lib\libctru.a(thread.o)
 .text.threadCreate
                0x00000000001054bc      0x194 C:/devkitPro/libctru/lib\libctru.a(thread.o)
                0x00000000001054bc                threadCreate
 .text.threadJoin
                0x0000000000105650       0x24 C:/devkitPro/libctru/lib\libctru.a(thread.o)
                0x0000000000105650                threadJoin
 .text.threadExit
                0x0000000000105674       0x68 C:/devkitPro/libctru/lib\libctru.a(thread.o)
                0x0000000000105674                threadExit
 .text._thread_begin
                0x00000000001056dc       0x48 C:/devkitPro/libctru/lib\libctru.a(thread.o)
 .text.irrstScanInput
                0x0000000000105724       0xac C:/devkitPro/libctru/lib\libctru.a(irrst.o)
                0x0000000000105724                irrstScanInput
 .text.irrstKeysHeld
                0x00000000001057d0       0x24 C:/devkitPro/libctru/lib\libctru.a(irrst.o)
                0x00000000001057d0                irrstKeysHeld
 .text.IRRST_GetHandles
                0x00000000001057f4       0x50 C:/devkitPro/libctru/lib\libctru.a(irrst.o)
                0x00000000001057f4                IRRST_GetHandles
 .text.irrstInit
                0x0000000000105844      0x154 C:/devkitPro/libctru/lib\libctru.a(irrst.o)
                0x0000000000105844                irrstInit
 .text.IRRST_Shutdown
                0x0000000000105998       0x2c C:/devkitPro/libctru/lib\libctru.a(irrst.o)
                0x0000000000105998                IRRST_Shutdown
 .text.irrstExit
                0x00000000001059c4       0xac C:/devkitPro/libctru/lib\libctru.a(irrst.o)
                0x00000000001059c4                irrstExit
 .text.srvPmGetSessionHandle
                0x0000000000105a70        0xc C:/devkitPro/libctru/lib\libctru.a(srvpm.o)
                0x0000000000105a70                srvPmGetSessionHandle
 .text.ptmSysmInit
                0x0000000000105a7c       0x74 C:/devkitPro/libctru/lib\libctru.a(ptmsysm.o)
                0x0000000000105a7c                ptmSysmInit
 .text.ptmSysmExit
                0x0000000000105af0       0x3c C:/devkitPro/libctru/lib\libctru.a(ptmsysm.o)
                0x0000000000105af0                ptmSysmExit
 .text.PTMSYSM_ConfigureNew3DSCPU
                0x0000000000105b2c       0x34 C:/devkitPro/libctru/lib\libctru.a(ptmsysm.o)
                0x0000000000105b2c                PTMSYSM_ConfigureNew3DSCPU
 .text.rbtree_init
                0x0000000000105b60       0x14 C:/devkitPro/libctru/lib\libctru.a(rbtree_init.o)
                0x0000000000105b60                rbtree_init
 .text.do_insert
                0x0000000000105b74      0x18c C:/devkitPro/libctru/lib\libctru.a(rbtree_insert.o)
 .text.rbtree_insert
                0x0000000000105d00        0x8 C:/devkitPro/libctru/lib\libctru.a(rbtree_insert.o)
                0x0000000000105d00                rbtree_insert
 .text.rbtree_rotate
                0x0000000000105d08       0x90 C:/devkitPro/libctru/lib\libctru.a(rbtree_rotate.o)
                0x0000000000105d08                rbtree_rotate
 .text.rbtree_remove
                0x0000000000105d98      0x330 C:/devkitPro/libctru/lib\libctru.a(rbtree_remove.o)
                0x0000000000105d98                rbtree_remove
 .text.rbtree_find
                0x00000000001060c8       0x74 C:/devkitPro/libctru/lib\libctru.a(rbtree_find.o)
                0x00000000001060c8                rbtree_find
 .text.__appInit
                0x000000000010613c       0x1c C:/devkitPro/libctru/lib\libctru.a(appInit.o)
                0x000000000010613c                __appInit
 .text.__appExit
                0x0000000000106158       0x1c C:/devkitPro/libctru/lib\libctru.a(appExit.o)
                0x0000000000106158                __appExit
 .text.__libctru_exit
                0x0000000000106174       0xa0 C:/devkitPro/libctru/lib\libctru.a(ctru_exit.o)
                0x0000000000106174                __libctru_exit
 .text.envGetHandle
                0x0000000000106214       0x80 C:/devkitPro/libctru/lib\libctru.a(env.o)
                0x0000000000106214                envGetHandle
 .text.envDestroyHandles
                0x0000000000106294       0x4c C:/devkitPro/libctru/lib\libctru.a(env.o)
                0x0000000000106294                envDestroyHandles
 .text.sdmc_link
                0x00000000001062e0       0x10 C:/devkitPro/libctru/lib\libctru.a(sdmc_dev.o)
 .text.sdmc_dirreset
                0x00000000001062f0       0x10 C:/devkitPro/libctru/lib\libctru.a(sdmc_dev.o)
 .text.sdmc_chmod
                0x0000000000106300       0x10 C:/devkitPro/libctru/lib\libctru.a(sdmc_dev.o)
 .text.error_cmp
                0x0000000000106310       0x24 C:/devkitPro/libctru/lib\libctru.a(sdmc_dev.o)
 .text.sdmc_translate_error
                0x0000000000106334       0x50 C:/devkitPro/libctru/lib\libctru.a(sdmc_dev.o)
 .text.sdmc_fsync
                0x0000000000106384       0x34 C:/devkitPro/libctru/lib\libctru.a(sdmc_dev.o)
 .text.sdmc_ftruncate
                0x00000000001063b8       0x54 C:/devkitPro/libctru/lib\libctru.a(sdmc_dev.o)
 .text.sdmc_statvfs
                0x000000000010640c       0xb8 C:/devkitPro/libctru/lib\libctru.a(sdmc_dev.o)
 .text.sdmc_dirclose
                0x00000000001064c4       0x38 C:/devkitPro/libctru/lib\libctru.a(sdmc_dev.o)
 .text.sdmc_dirnext
                0x00000000001064fc      0x12c C:/devkitPro/libctru/lib\libctru.a(sdmc_dev.o)
 .text.sdmc_close
                0x0000000000106628       0x34 C:/devkitPro/libctru/lib\libctru.a(sdmc_dev.o)
 .text.sdmc_fstat
                0x000000000010665c       0x74 C:/devkitPro/libctru/lib\libctru.a(sdmc_dev.o)
 .text.sdmc_seek
                0x00000000001066d0       0xd8 C:/devkitPro/libctru/lib\libctru.a(sdmc_dev.o)
 .text.sdmc_read
                0x00000000001067a8       0x84 C:/devkitPro/libctru/lib\libctru.a(sdmc_dev.o)
 .text.sdmc_write
                0x000000000010682c       0xc0 C:/devkitPro/libctru/lib\libctru.a(sdmc_dev.o)
 .text.sdmc_utf16path
                0x00000000001068ec      0x1b0 C:/devkitPro/libctru/lib\libctru.a(sdmc_dev.o)
 .text.sdmc_rmdir
                0x0000000000106a9c       0x74 C:/devkitPro/libctru/lib\libctru.a(sdmc_dev.o)
 .text.sdmc_diropen
                0x0000000000106b10       0xa4 C:/devkitPro/libctru/lib\libctru.a(sdmc_dev.o)
 .text.sdmc_chdir
                0x0000000000106bb4       0xb0 C:/devkitPro/libctru/lib\libctru.a(sdmc_dev.o)
 .text.sdmc_mkdir
                0x0000000000106c64       0x94 C:/devkitPro/libctru/lib\libctru.a(sdmc_dev.o)
 .text.sdmc_rename
                0x0000000000106cf8      0x108 C:/devkitPro/libctru/lib\libctru.a(sdmc_dev.o)
 .text.sdmc_unlink
                0x0000000000106e00       0x74 C:/devkitPro/libctru/lib\libctru.a(sdmc_dev.o)
 .text.sdmc_stat
                0x0000000000106e74      0x108 C:/devkitPro/libctru/lib\libctru.a(sdmc_dev.o)
 .text.sdmc_open
                0x0000000000106f7c      0x198 C:/devkitPro/libctru/lib\libctru.a(sdmc_dev.o)
 .text.sdmc_fchmod
                0x0000000000107114       0x10 C:/devkitPro/libctru/lib\libctru.a(sdmc_dev.o)
 .text.sdmcInit
                0x0000000000107124      0x168 C:/devkitPro/libctru/lib\libctru.a(sdmc_dev.o)
                0x0000000000107124                sdmcInit
 .text.sdmcExit
                0x000000000010728c       0x60 C:/devkitPro/libctru/lib\libctru.a(sdmc_dev.o)
                0x000000000010728c                sdmcExit
 .text.fsSessionForArchive.part.0
                0x00000000001072ec       0x28 C:/devkitPro/libctru/lib\libctru.a(fs.o)
 .text.fsInit   0x0000000000107314       0xc4 C:/devkitPro/libctru/lib\libctru.a(fs.o)
                0x0000000000107314                fsInit
 .text.fsExit   0x00000000001073d8       0x3c C:/devkitPro/libctru/lib\libctru.a(fs.o)
                0x00000000001073d8                fsExit
 .text.fsExemptFromSession
                0x0000000000107414       0x64 C:/devkitPro/libctru/lib\libctru.a(fs.o)
                0x0000000000107414                fsExemptFromSession
 .text.fsUnexemptFromSession
                0x0000000000107478       0x54 C:/devkitPro/libctru/lib\libctru.a(fs.o)
                0x0000000000107478                fsUnexemptFromSession
 .text.FSUSER_OpenFile
                0x00000000001074cc       0xbc C:/devkitPro/libctru/lib\libctru.a(fs.o)
                0x00000000001074cc                FSUSER_OpenFile
 .text.FSUSER_DeleteFile
                0x0000000000107588       0xa4 C:/devkitPro/libctru/lib\libctru.a(fs.o)
                0x0000000000107588                FSUSER_DeleteFile
 .text.FSUSER_RenameFile
                0x000000000010762c       0xdc C:/devkitPro/libctru/lib\libctru.a(fs.o)
                0x000000000010762c                FSUSER_RenameFile
 .text.FSUSER_DeleteDirectory
                0x0000000000107708       0xa4 C:/devkitPro/libctru/lib\libctru.a(fs.o)
                0x0000000000107708                FSUSER_DeleteDirectory
 .text.FSUSER_CreateFile
                0x00000000001077ac       0xbc C:/devkitPro/libctru/lib\libctru.a(fs.o)
                0x00000000001077ac                FSUSER_CreateFile
 .text.FSUSER_CreateDirectory
                0x0000000000107868       0xac C:/devkitPro/libctru/lib\libctru.a(fs.o)
                0x0000000000107868                FSUSER_CreateDirectory
 .text.FSUSER_RenameDirectory
                0x0000000000107914       0xdc C:/devkitPro/libctru/lib\libctru.a(fs.o)
                0x0000000000107914                FSUSER_RenameDirectory
 .text.FSUSER_OpenDirectory
                0x00000000001079f0       0xa0 C:/devkitPro/libctru/lib\libctru.a(fs.o)
                0x00000000001079f0                FSUSER_OpenDirectory
 .text.FSUSER_OpenArchive
                0x0000000000107a90       0x98 C:/devkitPro/libctru/lib\libctru.a(fs.o)
                0x0000000000107a90                FSUSER_OpenArchive
 .text.FSUSER_CloseArchive
                0x0000000000107b28       0x70 C:/devkitPro/libctru/lib\libctru.a(fs.o)
                0x0000000000107b28                FSUSER_CloseArchive
 .text.FSUSER_GetSdmcArchiveResource
                0x0000000000107b98       0x78 C:/devkitPro/libctru/lib\libctru.a(fs.o)
                0x0000000000107b98                FSUSER_GetSdmcArchiveResource
 .text.FSUSER_IsSdmcWritable
                0x0000000000107c10       0x64 C:/devkitPro/libctru/lib\libctru.a(fs.o)
                0x0000000000107c10                FSUSER_IsSdmcWritable
 .text.FSFILE_Read
                0x0000000000107c74       0x58 C:/devkitPro/libctru/lib\libctru.a(fs.o)
                0x0000000000107c74                FSFILE_Read
 .text.FSFILE_Write
                0x0000000000107ccc       0x64 C:/devkitPro/libctru/lib\libctru.a(fs.o)
                0x0000000000107ccc                FSFILE_Write
 .text.FSFILE_GetSize
                0x0000000000107d30       0x38 C:/devkitPro/libctru/lib\libctru.a(fs.o)
                0x0000000000107d30                FSFILE_GetSize
 .text.FSFILE_SetSize
                0x0000000000107d68       0x28 C:/devkitPro/libctru/lib\libctru.a(fs.o)
                0x0000000000107d68                FSFILE_SetSize
 .text.FSFILE_Close
                0x0000000000107d90       0x3c C:/devkitPro/libctru/lib\libctru.a(fs.o)
                0x0000000000107d90                FSFILE_Close
 .text.FSFILE_Flush
                0x0000000000107dcc       0x24 C:/devkitPro/libctru/lib\libctru.a(fs.o)
                0x0000000000107dcc                FSFILE_Flush
 .text.FSDIR_Read
                0x0000000000107df0       0x54 C:/devkitPro/libctru/lib\libctru.a(fs.o)
                0x0000000000107df0                FSDIR_Read
 .text.FSDIR_Close
                0x0000000000107e44       0x3c C:/devkitPro/libctru/lib\libctru.a(fs.o)
                0x0000000000107e44                FSDIR_Close
 .text.rbtree_node_next
                0x0000000000107e80       0x78 C:/devkitPro/libctru/lib\libctru.a(rbtree_iterator.o)
                0x0000000000107e80                rbtree_node_next
 .text.utf8_to_utf16
                0x0000000000107ef8       0xc0 C:/devkitPro/libctru/lib\libctru.a(utf8_to_utf16.o)
                0x0000000000107ef8                utf8_to_utf16
 .text.decode_utf8
                0x0000000000107fb8      0x138 C:/devkitPro/libctru/lib\libctru.a(decode_utf8.o)
                0x0000000000107fb8                decode_utf8
 .text.utf16_to_utf8
                0x00000000001080f0       0xe8 C:/devkitPro/libctru/lib\libctru.a(utf16_to_utf8.o)
                0x00000000001080f0                utf16_to_utf8
 .text.__aeabi_read_tp
                0x00000000001081d8        0xc C:/devkitPro/libctru/lib\libctru.a(readtp.o)
                0x00000000001081d8                __aeabi_read_tp
 .text.encode_utf16
                0x00000000001081e4       0x68 C:/devkitPro/libctru/lib\libctru.a(encode_utf16.o)
                0x00000000001081e4                encode_utf16
 .text.encode_utf8
                0x000000000010824c      0x104 C:/devkitPro/libctru/lib\libctru.a(encode_utf8.o)
                0x000000000010824c                encode_utf8
 .text.decode_utf16
                0x0000000000108350       0x60 C:/devkitPro/libctru/lib\libctru.a(decode_utf16.o)
                0x0000000000108350                decode_utf16
 .text.__fixdfdi
                0x00000000001083b0       0x2c c:/devkitpro/devkitarm/bin/../lib/gcc/arm-none-eabi/8.1.0/armv6k/fpu\libgcc.a(_fixdfdi.o)
                0x00000000001083b0                __fixdfdi
                0x00000000001083b0                __aeabi_d2lz
 *fill*         0x00000000001083dc        0x4 
 .text.__fixunsdfdi
                0x00000000001083e0       0x40 c:/devkitpro/devkitarm/bin/../lib/gcc/arm-none-eabi/8.1.0/armv6k/fpu\libgcc.a(_fixunsdfdi.o)
                0x00000000001083e0                __fixunsdfdi
                0x00000000001083e0                __aeabi_d2ulz
 .text.__udivmoddi4
                0x0000000000108420      0x128 c:/devkitpro/devkitarm/bin/../lib/gcc/arm-none-eabi/8.1.0/armv6k/fpu\libgcc.a(_udivmoddi4.o)
                0x0000000000108420                __udivmoddi4
 .text.bsearch  0x0000000000108548       0x7c c:/devkitpro/devkitarm/bin/../lib/gcc/arm-none-eabi/8.1.0/../../../../arm-none-eabi/lib/armv6k/fpu\libg.a(lib_a-bsearch.o)
                0x0000000000108548                bsearch
 .text.__libc_fini_array
                0x00000000001085c4       0x40 c:/devkitpro/devkitarm/bin/../lib/gcc/arm-none-eabi/8.1.0/../../../../arm-none-eabi/lib/armv6k/fpu\libg.a(lib_a-fini.o)
                0x00000000001085c4                __libc_fini_array
 .text.__libc_init_array
                0x0000000000108604       0x7c c:/devkitpro/devkitarm/bin/../lib/gcc/arm-none-eabi/8.1.0/../../../../arm-none-eabi/lib/armv6k/fpu\libg.a(lib_a-init.o)
                0x0000000000108604                __libc_init_array
 .text.memalign
                0x0000000000108680       0x20 c:/devkitpro/devkitarm/bin/../lib/gcc/arm-none-eabi/8.1.0/../../../../arm-none-eabi/lib/armv6k/fpu\libg.a(lib_a-malign.o)
                0x0000000000108680                memalign
 .text._memalign_r
                0x00000000001086a0      0x14c c:/devkitpro/devkitarm/bin/../lib/gcc/arm-none-eabi/8.1.0/../../../../arm-none-eabi/lib/armv6k/fpu\libg.a(lib_a-malignr.o)
                0x00000000001086a0                _memalign_r
 .text.malloc   0x00000000001087ec       0x18 c:/devkitpro/devkitarm/bin/../lib/gcc/arm-none-eabi/8.1.0/../../../../arm-none-eabi/lib/armv6k/fpu\libg.a(lib_a-malloc.o)
                0x00000000001087ec                malloc
 .text.free     0x0000000000108804       0x18 c:/devkitpro/devkitarm/bin/../lib/gcc/arm-none-eabi/8.1.0/../../../../arm-none-eabi/lib/armv6k/fpu\libg.a(lib_a-malloc.o)
                0x0000000000108804                free
 .text._malloc_r
                0x000000000010881c      0x78c c:/devkitpro/devkitarm/bin/../lib/gcc/arm-none-eabi/8.1.0/../../../../arm-none-eabi/lib/armv6k/fpu\libg.a(lib_a-mallocr.o)
                0x000000000010881c                _malloc_r
 .text.memchr   0x0000000000108fa8      0x100 c:/devkitpro/devkitarm/bin/../lib/gcc/arm-none-eabi/8.1.0/../../../../arm-none-eabi/lib/armv6k/fpu\libg.a(lib_a-memchr-stub.o)
                0x0000000000108fa8                memchr
 .text.memcpy   0x00000000001090a8      0x118 c:/devkitpro/devkitarm/bin/../lib/gcc/arm-none-eabi/8.1.0/../../../../arm-none-eabi/lib/armv6k/fpu\libg.a(lib_a-memcpy-stub.o)
                0x00000000001090a8                memcpy
 .text.memset   0x00000000001091c0      0x114 c:/devkitpro/devkitarm/bin/../lib/gcc/arm-none-eabi/8.1.0/../../../../arm-none-eabi/lib/armv6k/fpu\libg.a(lib_a-memset.o)
                0x00000000001091c0                memset
 .text.__malloc_lock
                0x00000000001092d4        0xc c:/devkitpro/devkitarm/bin/../lib/gcc/arm-none-eabi/8.1.0/../../../../arm-none-eabi/lib/armv6k/fpu\libg.a(lib_a-mlock.o)
                0x00000000001092d4                __malloc_lock
 .text.__malloc_unlock
                0x00000000001092e0        0xc c:/devkitpro/devkitarm/bin/../lib/gcc/arm-none-eabi/8.1.0/../../../../arm-none-eabi/lib/armv6k/fpu\libg.a(lib_a-mlock.o)
                0x00000000001092e0                __malloc_unlock
 .text.printf   0x00000000001092ec       0x38 c:/devkitpro/devkitarm/bin/../lib/gcc/arm-none-eabi/8.1.0/../../../../arm-none-eabi/lib/armv6k/fpu\libg.a(lib_a-printf.o)
                0x00000000001092ec                printf
 .text.setvbuf  0x0000000000109324      0x25c c:/devkitpro/devkitarm/bin/../lib/gcc/arm-none-eabi/8.1.0/../../../../arm-none-eabi/lib/armv6k/fpu\libg.a(lib_a-setvbuf.o)
                0x0000000000109324                setvbuf
 .text.sscanf   0x0000000000109580       0x74 c:/devkitpro/devkitarm/bin/../lib/gcc/arm-none-eabi/8.1.0/../../../../arm-none-eabi/lib/armv6k/fpu\libg.a(lib_a-sscanf.o)
                0x0000000000109580                sscanf
 .text.__sread  0x00000000001095f4       0x3c c:/devkitpro/devkitarm/bin/../lib/gcc/arm-none-eabi/8.1.0/../../../../arm-none-eabi/lib/armv6k/fpu\libg.a(lib_a-stdio.o)
                0x00000000001095f4                __sread
 .text.__seofread
                0x0000000000109630        0x8 c:/devkitpro/devkitarm/bin/../lib/gcc/arm-none-eabi/8.1.0/../../../../arm-none-eabi/lib/armv6k/fpu\libg.a(lib_a-stdio.o)
                0x0000000000109630                __seofread
 .text.__swrite
                0x0000000000109638       0x68 c:/devkitpro/devkitarm/bin/../lib/gcc/arm-none-eabi/8.1.0/../../../../arm-none-eabi/lib/armv6k/fpu\libg.a(lib_a-stdio.o)
                0x0000000000109638                __swrite
 .text.__sseek  0x00000000001096a0       0x48 c:/devkitpro/devkitarm/bin/../lib/gcc/arm-none-eabi/8.1.0/../../../../arm-none-eabi/lib/armv6k/fpu\libg.a(lib_a-stdio.o)
                0x00000000001096a0                __sseek
 .text.__sclose
                0x00000000001096e8        0x8 c:/devkitpro/devkitarm/bin/../lib/gcc/arm-none-eabi/8.1.0/../../../../arm-none-eabi/lib/armv6k/fpu\libg.a(lib_a-stdio.o)
                0x00000000001096e8                __sclose
 .text.strlen   0x00000000001096f0       0x5c c:/devkitpro/devkitarm/bin/../lib/gcc/arm-none-eabi/8.1.0/../../../../arm-none-eabi/lib/armv6k/fpu\libg.a(lib_a-strlen-stub.o)
                0x00000000001096f0                strlen
 .text.strncat  0x000000000010974c       0x98 c:/devkitpro/devkitarm/bin/../lib/gcc/arm-none-eabi/8.1.0/../../../../arm-none-eabi/lib/armv6k/fpu\libg.a(lib_a-strncat.o)
                0x000000000010974c                strncat
 .text.strncpy  0x00000000001097e4       0xe0 c:/devkitpro/devkitarm/bin/../lib/gcc/arm-none-eabi/8.1.0/../../../../arm-none-eabi/lib/armv6k/fpu\libg.a(lib_a-strncpy.o)
                0x00000000001097e4                strncpy
 .text.strnlen  0x00000000001098c4       0x5c c:/devkitpro/devkitarm/bin/../lib/gcc/arm-none-eabi/8.1.0/../../../../arm-none-eabi/lib/armv6k/fpu\libg.a(lib_a-strnlen.o)
                0x00000000001098c4                strnlen
 .text.get_arg  0x0000000000109920       0x48 c:/devkitpro/devkitarm/bin/../lib/gcc/arm-none-eabi/8.1.0/../../../../arm-none-eabi/lib/armv6k/fpu\libg.a(lib_a-svfscanf.o)
 .text.__ssvfscanf_r
                0x0000000000109968     0x2b48 c:/devkitpro/devkitarm/bin/../lib/gcc/arm-none-eabi/8.1.0/../../../../arm-none-eabi/lib/armv6k/fpu\libg.a(lib_a-svfscanf.o)
                0x0000000000109968                __ssvfscanf_r
 .text.__sprint_r
                0x000000000010c4b0       0x34 c:/devkitpro/devkitarm/bin/../lib/gcc/arm-none-eabi/8.1.0/../../../../arm-none-eabi/lib/armv6k/fpu\libg.a(lib_a-vfiprintf.o)
                0x000000000010c4b0                __sprint_r
 .text.get_arg  0x000000000010c4e4      0x630 c:/devkitpro/devkitarm/bin/../lib/gcc/arm-none-eabi/8.1.0/../../../../arm-none-eabi/lib/armv6k/fpu\libg.a(lib_a-vfprintf.o)
 *fill*         0x000000000010cb14        0x4 
 .text._vfprintf_r
                0x000000000010cb18     0x3724 c:/devkitpro/devkitarm/bin/../lib/gcc/arm-none-eabi/8.1.0/../../../../arm-none-eabi/lib/armv6k/fpu\libg.a(lib_a-vfprintf.o)
                0x000000000010cb18                _vfprintf_r
 .text.__sbprintf
                0x000000000011023c       0xd0 c:/devkitpro/devkitarm/bin/../lib/gcc/arm-none-eabi/8.1.0/../../../../arm-none-eabi/lib/armv6k/fpu\libg.a(lib_a-vfprintf.o)
 .text._wcrtomb_r
                0x000000000011030c       0xa0 c:/devkitpro/devkitarm/bin/../lib/gcc/arm-none-eabi/8.1.0/../../../../arm-none-eabi/lib/armv6k/fpu\libg.a(lib_a-wcrtomb.o)
                0x000000000011030c                _wcrtomb_r
 .text._wcsrtombs_r
                0x00000000001103ac       0x20 c:/devkitpro/devkitarm/bin/../lib/gcc/arm-none-eabi/8.1.0/../../../../arm-none-eabi/lib/armv6k/fpu\libg.a(lib_a-wcsrtombs.o)
                0x00000000001103ac                _wcsrtombs_r
 .text.__swsetup_r
                0x00000000001103cc      0x150 c:/devkitpro/devkitarm/bin/../lib/gcc/arm-none-eabi/8.1.0/../../../../arm-none-eabi/lib/armv6k/fpu\libg.a(lib_a-wsetup.o)
                0x00000000001103cc                __swsetup_r
 .text.quorem   0x000000000011051c      0x1c8 c:/devkitpro/devkitarm/bin/../lib/gcc/arm-none-eabi/8.1.0/../../../../arm-none-eabi/lib/armv6k/fpu\libg.a(lib_a-dtoa.o)
 *fill*         0x00000000001106e4        0x4 
 .text._dtoa_r  0x00000000001106e8     0x12e4 c:/devkitpro/devkitarm/bin/../lib/gcc/arm-none-eabi/8.1.0/../../../../arm-none-eabi/lib/armv6k/fpu\libg.a(lib_a-dtoa.o)
                0x00000000001106e8                _dtoa_r
 .text.__sflush_r
                0x00000000001119cc      0x270 c:/devkitpro/devkitarm/bin/../lib/gcc/arm-none-eabi/8.1.0/../../../../arm-none-eabi/lib/armv6k/fpu\libg.a(lib_a-fflush.o)
                0x00000000001119cc                __sflush_r
 .text._fflush_r
                0x0000000000111c3c       0x94 c:/devkitpro/devkitarm/bin/../lib/gcc/arm-none-eabi/8.1.0/../../../../arm-none-eabi/lib/armv6k/fpu\libg.a(lib_a-fflush.o)
                0x0000000000111c3c                _fflush_r
 .text.std      0x0000000000111cd0       0x78 c:/devkitpro/devkitarm/bin/../lib/gcc/arm-none-eabi/8.1.0/../../../../arm-none-eabi/lib/armv6k/fpu\libg.a(lib_a-findfp.o)
 .text._cleanup_r
                0x0000000000111d48        0xc c:/devkitpro/devkitarm/bin/../lib/gcc/arm-none-eabi/8.1.0/../../../../arm-none-eabi/lib/armv6k/fpu\libg.a(lib_a-findfp.o)
                0x0000000000111d48                _cleanup_r
 .text.__sinit  0x0000000000111d54       0x8c c:/devkitpro/devkitarm/bin/../lib/gcc/arm-none-eabi/8.1.0/../../../../arm-none-eabi/lib/armv6k/fpu\libg.a(lib_a-findfp.o)
                0x0000000000111d54                __sinit
 .text.__sfp_lock_acquire
                0x0000000000111de0        0xc c:/devkitpro/devkitarm/bin/../lib/gcc/arm-none-eabi/8.1.0/../../../../arm-none-eabi/lib/armv6k/fpu\libg.a(lib_a-findfp.o)
                0x0000000000111de0                __sfp_lock_acquire
 .text.__sfp_lock_release
                0x0000000000111dec        0xc c:/devkitpro/devkitarm/bin/../lib/gcc/arm-none-eabi/8.1.0/../../../../arm-none-eabi/lib/armv6k/fpu\libg.a(lib_a-findfp.o)
                0x0000000000111dec                __sfp_lock_release
 .text._malloc_trim_r
                0x0000000000111df8       0xf8 c:/devkitpro/devkitarm/bin/../lib/gcc/arm-none-eabi/8.1.0/../../../../arm-none-eabi/lib/armv6k/fpu\libg.a(lib_a-freer.o)
                0x0000000000111df8                _malloc_trim_r
 .text._free_r  0x0000000000111ef0      0x2e4 c:/devkitpro/devkitarm/bin/../lib/gcc/arm-none-eabi/8.1.0/../../../../arm-none-eabi/lib/armv6k/fpu\libg.a(lib_a-freer.o)
                0x0000000000111ef0                _free_r
 .text.__sfvwrite_r
                0x00000000001121d4      0x4a4 c:/devkitpro/devkitarm/bin/../lib/gcc/arm-none-eabi/8.1.0/../../../../arm-none-eabi/lib/armv6k/fpu\libg.a(lib_a-fvwrite.o)
                0x00000000001121d4                __sfvwrite_r
 .text._fwalk_reent
                0x0000000000112678       0x80 c:/devkitpro/devkitarm/bin/../lib/gcc/arm-none-eabi/8.1.0/../../../../arm-none-eabi/lib/armv6k/fpu\libg.a(lib_a-fwalk.o)
                0x0000000000112678                _fwalk_reent
 .text.iswspace
                0x00000000001126f8       0x74 c:/devkitpro/devkitarm/bin/../lib/gcc/arm-none-eabi/8.1.0/../../../../arm-none-eabi/lib/armv6k/fpu\libg.a(lib_a-iswspace.o)
                0x00000000001126f8                iswspace
 .text.__jp2uc  0x000000000011276c      0x1e0 c:/devkitpro/devkitarm/bin/../lib/gcc/arm-none-eabi/8.1.0/../../../../arm-none-eabi/lib/armv6k/fpu\libg.a(lib_a-jp2uc.o)
 .text._jp2uc   0x000000000011294c       0xc4 c:/devkitpro/devkitarm/bin/../lib/gcc/arm-none-eabi/8.1.0/../../../../arm-none-eabi/lib/armv6k/fpu\libg.a(lib_a-jp2uc.o)
                0x000000000011294c                _jp2uc
 .text.__localeconv_l
                0x0000000000112a10        0x8 c:/devkitpro/devkitarm/bin/../lib/gcc/arm-none-eabi/8.1.0/../../../../arm-none-eabi/lib/armv6k/fpu\libg.a(lib_a-localeconv.o)
                0x0000000000112a10                __localeconv_l
 .text._localeconv_r
                0x0000000000112a18       0x24 c:/devkitpro/devkitarm/bin/../lib/gcc/arm-none-eabi/8.1.0/../../../../arm-none-eabi/lib/armv6k/fpu\libg.a(lib_a-localeconv.o)
                0x0000000000112a18                _localeconv_r
 .text.__locale_mb_cur_max
                0x0000000000112a3c       0x24 c:/devkitpro/devkitarm/bin/../lib/gcc/arm-none-eabi/8.1.0/../../../../arm-none-eabi/lib/armv6k/fpu\libg.a(lib_a-locale.o)
                0x0000000000112a3c                __locale_mb_cur_max
 .text.__locale_ctype_ptr_l
                0x0000000000112a60        0x8 c:/devkitpro/devkitarm/bin/../lib/gcc/arm-none-eabi/8.1.0/../../../../arm-none-eabi/lib/armv6k/fpu\libg.a(lib_a-locale.o)
                0x0000000000112a60                __locale_ctype_ptr_l
 .text.__locale_ctype_ptr
                0x0000000000112a68       0x24 c:/devkitpro/devkitarm/bin/../lib/gcc/arm-none-eabi/8.1.0/../../../../arm-none-eabi/lib/armv6k/fpu\libg.a(lib_a-locale.o)
                0x0000000000112a68                __locale_ctype_ptr
 .text.__swhatbuf_r
                0x0000000000112a8c       0x94 c:/devkitpro/devkitarm/bin/../lib/gcc/arm-none-eabi/8.1.0/../../../../arm-none-eabi/lib/armv6k/fpu\libg.a(lib_a-makebuf.o)
                0x0000000000112a8c                __swhatbuf_r
 .text.__smakebuf_r
                0x0000000000112b20       0xf4 c:/devkitpro/devkitarm/bin/../lib/gcc/arm-none-eabi/8.1.0/../../../../arm-none-eabi/lib/armv6k/fpu\libg.a(lib_a-makebuf.o)
                0x0000000000112b20                __smakebuf_r
 .text._mbrtowc_r
                0x0000000000112c14       0xb4 c:/devkitpro/devkitarm/bin/../lib/gcc/arm-none-eabi/8.1.0/../../../../arm-none-eabi/lib/armv6k/fpu\libg.a(lib_a-mbrtowc.o)
                0x0000000000112c14                _mbrtowc_r
 .text.__utf8_mbtowc
                0x0000000000112cc8      0x2fc c:/devkitpro/devkitarm/bin/../lib/gcc/arm-none-eabi/8.1.0/../../../../arm-none-eabi/lib/armv6k/fpu\libg.a(lib_a-mbtowc_r.o)
                0x0000000000112cc8                __utf8_mbtowc
 .text.memmove  0x0000000000112fc4      0x154 c:/devkitpro/devkitarm/bin/../lib/gcc/arm-none-eabi/8.1.0/../../../../arm-none-eabi/lib/armv6k/fpu\libg.a(lib_a-memmove.o)
                0x0000000000112fc4                memmove
 .text._Balloc  0x0000000000113118       0x88 c:/devkitpro/devkitarm/bin/../lib/gcc/arm-none-eabi/8.1.0/../../../../arm-none-eabi/lib/armv6k/fpu\libg.a(lib_a-mprec.o)
                0x0000000000113118                _Balloc
 .text._Bfree   0x00000000001131a0       0x1c c:/devkitpro/devkitarm/bin/../lib/gcc/arm-none-eabi/8.1.0/../../../../arm-none-eabi/lib/armv6k/fpu\libg.a(lib_a-mprec.o)
                0x00000000001131a0                _Bfree
 .text.__multadd
                0x00000000001131bc       0xe0 c:/devkitpro/devkitarm/bin/../lib/gcc/arm-none-eabi/8.1.0/../../../../arm-none-eabi/lib/armv6k/fpu\libg.a(lib_a-mprec.o)
                0x00000000001131bc                __multadd
 .text.__s2b    0x000000000011329c       0xe4 c:/devkitpro/devkitarm/bin/../lib/gcc/arm-none-eabi/8.1.0/../../../../arm-none-eabi/lib/armv6k/fpu\libg.a(lib_a-mprec.o)
                0x000000000011329c                __s2b
 .text.__hi0bits
                0x0000000000113380       0x58 c:/devkitpro/devkitarm/bin/../lib/gcc/arm-none-eabi/8.1.0/../../../../arm-none-eabi/lib/armv6k/fpu\libg.a(lib_a-mprec.o)
                0x0000000000113380                __hi0bits
 .text.__lo0bits
                0x00000000001133d8       0x9c c:/devkitpro/devkitarm/bin/../lib/gcc/arm-none-eabi/8.1.0/../../../../arm-none-eabi/lib/armv6k/fpu\libg.a(lib_a-mprec.o)
                0x00000000001133d8                __lo0bits
 .text.__i2b    0x0000000000113474       0x20 c:/devkitpro/devkitarm/bin/../lib/gcc/arm-none-eabi/8.1.0/../../../../arm-none-eabi/lib/armv6k/fpu\libg.a(lib_a-mprec.o)
                0x0000000000113474                __i2b
 .text.__multiply
                0x0000000000113494      0x1c4 c:/devkitpro/devkitarm/bin/../lib/gcc/arm-none-eabi/8.1.0/../../../../arm-none-eabi/lib/armv6k/fpu\libg.a(lib_a-mprec.o)
                0x0000000000113494                __multiply
 .text.__pow5mult
                0x0000000000113658      0x100 c:/devkitpro/devkitarm/bin/../lib/gcc/arm-none-eabi/8.1.0/../../../../arm-none-eabi/lib/armv6k/fpu\libg.a(lib_a-mprec.o)
                0x0000000000113658                __pow5mult
 .text.__lshift
                0x0000000000113758       0xf4 c:/devkitpro/devkitarm/bin/../lib/gcc/arm-none-eabi/8.1.0/../../../../arm-none-eabi/lib/armv6k/fpu\libg.a(lib_a-mprec.o)
                0x0000000000113758                __lshift
 .text.__mcmp   0x000000000011384c       0x5c c:/devkitpro/devkitarm/bin/../lib/gcc/arm-none-eabi/8.1.0/../../../../arm-none-eabi/lib/armv6k/fpu\libg.a(lib_a-mprec.o)
                0x000000000011384c                __mcmp
 .text.__mdiff  0x00000000001138a8      0x168 c:/devkitpro/devkitarm/bin/../lib/gcc/arm-none-eabi/8.1.0/../../../../arm-none-eabi/lib/armv6k/fpu\libg.a(lib_a-mprec.o)
                0x00000000001138a8                __mdiff
 .text.__ulp    0x0000000000113a10       0x74 c:/devkitpro/devkitarm/bin/../lib/gcc/arm-none-eabi/8.1.0/../../../../arm-none-eabi/lib/armv6k/fpu\libg.a(lib_a-mprec.o)
                0x0000000000113a10                __ulp
 .text.__b2d    0x0000000000113a84       0xd4 c:/devkitpro/devkitarm/bin/../lib/gcc/arm-none-eabi/8.1.0/../../../../arm-none-eabi/lib/armv6k/fpu\libg.a(lib_a-mprec.o)
                0x0000000000113a84                __b2d
 .text.__d2b    0x0000000000113b58      0x100 c:/devkitpro/devkitarm/bin/../lib/gcc/arm-none-eabi/8.1.0/../../../../arm-none-eabi/lib/armv6k/fpu\libg.a(lib_a-mprec.o)
                0x0000000000113b58                __d2b
 .text.__ratio  0x0000000000113c58       0x84 c:/devkitpro/devkitarm/bin/../lib/gcc/arm-none-eabi/8.1.0/../../../../arm-none-eabi/lib/armv6k/fpu\libg.a(lib_a-mprec.o)
                0x0000000000113c58                __ratio
 .text.__copybits
                0x0000000000113cdc       0x6c c:/devkitpro/devkitarm/bin/../lib/gcc/arm-none-eabi/8.1.0/../../../../arm-none-eabi/lib/armv6k/fpu\libg.a(lib_a-mprec.o)
                0x0000000000113cdc                __copybits
 .text.__any_on
                0x0000000000113d48       0x78 c:/devkitpro/devkitarm/bin/../lib/gcc/arm-none-eabi/8.1.0/../../../../arm-none-eabi/lib/armv6k/fpu\libg.a(lib_a-mprec.o)
                0x0000000000113d48                __any_on
 .text.realloc  0x0000000000113dc0       0x20 c:/devkitpro/devkitarm/bin/../lib/gcc/arm-none-eabi/8.1.0/../../../../arm-none-eabi/lib/armv6k/fpu\libg.a(lib_a-realloc.o)
                0x0000000000113dc0                realloc
 .text._realloc_r
                0x0000000000113de0      0x4bc c:/devkitpro/devkitarm/bin/../lib/gcc/arm-none-eabi/8.1.0/../../../../arm-none-eabi/lib/armv6k/fpu\libg.a(lib_a-reallocr.o)
                0x0000000000113de0                _realloc_r
 .text.__sccl   0x000000000011429c       0xcc c:/devkitpro/devkitarm/bin/../lib/gcc/arm-none-eabi/8.1.0/../../../../arm-none-eabi/lib/armv6k/fpu\libg.a(lib_a-sccl.o)
                0x000000000011429c                __sccl
 .text.nanf     0x0000000000114368        0xc c:/devkitpro/devkitarm/bin/../lib/gcc/arm-none-eabi/8.1.0/../../../../arm-none-eabi/lib/armv6k/fpu\libg.a(lib_a-sf_nan.o)
                0x0000000000114368                nanf
 *fill*         0x0000000000114374        0x4 
 .text.frexp    0x0000000000114378       0xa8 c:/devkitpro/devkitarm/bin/../lib/gcc/arm-none-eabi/8.1.0/../../../../arm-none-eabi/lib/armv6k/fpu\libg.a(lib_a-s_frexp.o)
                0x0000000000114378                frexp
 .text.sprintf  0x0000000000114420       0x64 c:/devkitpro/devkitarm/bin/../lib/gcc/arm-none-eabi/8.1.0/../../../../arm-none-eabi/lib/armv6k/fpu\libg.a(lib_a-sprintf.o)
                0x0000000000114420                sprintf
 .text.stpncpy  0x0000000000114484      0x100 c:/devkitpro/devkitarm/bin/../lib/gcc/arm-none-eabi/8.1.0/../../../../arm-none-eabi/lib/armv6k/fpu\libg.a(lib_a-stpncpy.o)
                0x0000000000114484                stpncpy
 .text.strchr   0x0000000000114584      0x180 c:/devkitpro/devkitarm/bin/../lib/gcc/arm-none-eabi/8.1.0/../../../../arm-none-eabi/lib/armv6k/fpu\libg.a(lib_a-strchr.o)
                0x0000000000114584                strchr
 .text.strncmp  0x0000000000114704      0x10c c:/devkitpro/devkitarm/bin/../lib/gcc/arm-none-eabi/8.1.0/../../../../arm-none-eabi/lib/armv6k/fpu\libg.a(lib_a-strncmp.o)
                0x0000000000114704                strncmp
 .text.sulp     0x0000000000114810       0x54 c:/devkitpro/devkitarm/bin/../lib/gcc/arm-none-eabi/8.1.0/../../../../arm-none-eabi/lib/armv6k/fpu\libg.a(lib_a-strtod.o)
 *fill*         0x0000000000114864        0x4 
 .text._strtod_l
                0x0000000000114868     0x1404 c:/devkitpro/devkitarm/bin/../lib/gcc/arm-none-eabi/8.1.0/../../../../arm-none-eabi/lib/armv6k/fpu\libg.a(lib_a-strtod.o)
                0x0000000000114868                _strtod_l
 .text._strtod_r
                0x0000000000115c6c       0x3c c:/devkitpro/devkitarm/bin/../lib/gcc/arm-none-eabi/8.1.0/../../../../arm-none-eabi/lib/armv6k/fpu\libg.a(lib_a-strtod.o)
                0x0000000000115c6c                _strtod_r
 .text._strtoll_l.isra.0
                0x0000000000115ca8      0x260 c:/devkitpro/devkitarm/bin/../lib/gcc/arm-none-eabi/8.1.0/../../../../arm-none-eabi/lib/armv6k/fpu\libg.a(lib_a-strtoll.o)
 .text._strtoll_r
                0x0000000000115f08       0x50 c:/devkitpro/devkitarm/bin/../lib/gcc/arm-none-eabi/8.1.0/../../../../arm-none-eabi/lib/armv6k/fpu\libg.a(lib_a-strtoll.o)
                0x0000000000115f08                _strtoll_r
 .text._strtol_l.isra.0
                0x0000000000115f58      0x1b8 c:/devkitpro/devkitarm/bin/../lib/gcc/arm-none-eabi/8.1.0/../../../../arm-none-eabi/lib/armv6k/fpu\libg.a(lib_a-strtol.o)
 .text._strtol_r
                0x0000000000116110       0x50 c:/devkitpro/devkitarm/bin/../lib/gcc/arm-none-eabi/8.1.0/../../../../arm-none-eabi/lib/armv6k/fpu\libg.a(lib_a-strtol.o)
                0x0000000000116110                _strtol_r
 .text._strtoull_l.isra.0
                0x0000000000116160      0x260 c:/devkitpro/devkitarm/bin/../lib/gcc/arm-none-eabi/8.1.0/../../../../arm-none-eabi/lib/armv6k/fpu\libg.a(lib_a-strtoull.o)
 .text._strtoull_r
                0x00000000001163c0       0x50 c:/devkitpro/devkitarm/bin/../lib/gcc/arm-none-eabi/8.1.0/../../../../arm-none-eabi/lib/armv6k/fpu\libg.a(lib_a-strtoull.o)
                0x00000000001163c0                _strtoull_r
 .text._strtoul_l.isra.0
                0x0000000000116410      0x1cc c:/devkitpro/devkitarm/bin/../lib/gcc/arm-none-eabi/8.1.0/../../../../arm-none-eabi/lib/armv6k/fpu\libg.a(lib_a-strtoul.o)
 .text._strtoul_r
                0x00000000001165dc       0x50 c:/devkitpro/devkitarm/bin/../lib/gcc/arm-none-eabi/8.1.0/../../../../arm-none-eabi/lib/armv6k/fpu\libg.a(lib_a-strtoul.o)
                0x00000000001165dc                _strtoul_r
 .text.__ssprint_r
                0x000000000011662c      0x188 c:/devkitpro/devkitarm/bin/../lib/gcc/arm-none-eabi/8.1.0/../../../../arm-none-eabi/lib/armv6k/fpu\libg.a(lib_a-svfiprintf.o)
                0x000000000011662c                __ssprint_r
 .text._sungetc_r
                0x00000000001167b4       0xe4 c:/devkitpro/devkitarm/bin/../lib/gcc/arm-none-eabi/8.1.0/../../../../arm-none-eabi/lib/armv6k/fpu\libg.a(lib_a-svfiscanf.o)
                0x00000000001167b4                _sungetc_r
 .text.__ssrefill_r
                0x0000000000116898       0x6c c:/devkitpro/devkitarm/bin/../lib/gcc/arm-none-eabi/8.1.0/../../../../arm-none-eabi/lib/armv6k/fpu\libg.a(lib_a-svfiscanf.o)
                0x0000000000116898                __ssrefill_r
 .text._sfread_r
                0x0000000000116904       0xc8 c:/devkitpro/devkitarm/bin/../lib/gcc/arm-none-eabi/8.1.0/../../../../arm-none-eabi/lib/armv6k/fpu\libg.a(lib_a-svfiscanf.o)
                0x0000000000116904                _sfread_r
 .text.get_arg  0x00000000001169cc      0x630 c:/devkitpro/devkitarm/bin/../lib/gcc/arm-none-eabi/8.1.0/../../../../arm-none-eabi/lib/armv6k/fpu\libg.a(lib_a-svfprintf.o)
 *fill*         0x0000000000116ffc        0x4 
 .text._svfprintf_r
                0x0000000000117000     0x3640 c:/devkitpro/devkitarm/bin/../lib/gcc/arm-none-eabi/8.1.0/../../../../arm-none-eabi/lib/armv6k/fpu\libg.a(lib_a-svfprintf.o)
                0x0000000000117000                _svfprintf_r
 .text.__submore
                0x000000000011a640       0xa4 c:/devkitpro/devkitarm/bin/../lib/gcc/arm-none-eabi/8.1.0/../../../../arm-none-eabi/lib/armv6k/fpu\libg.a(lib_a-ungetc.o)
                0x000000000011a640                __submore
 .text._wcsnrtombs_l
                0x000000000011a6e4      0x184 c:/devkitpro/devkitarm/bin/../lib/gcc/arm-none-eabi/8.1.0/../../../../arm-none-eabi/lib/armv6k/fpu\libg.a(lib_a-wcsnrtombs.o)
                0x000000000011a6e4                _wcsnrtombs_l
 .text._wcsnrtombs_r
                0x000000000011a868       0x64 c:/devkitpro/devkitarm/bin/../lib/gcc/arm-none-eabi/8.1.0/../../../../arm-none-eabi/lib/armv6k/fpu\libg.a(lib_a-wcsnrtombs.o)
                0x000000000011a868                _wcsnrtombs_r
 .text.__utf8_wctomb
                0x000000000011a8cc       0xe8 c:/devkitpro/devkitarm/bin/../lib/gcc/arm-none-eabi/8.1.0/../../../../arm-none-eabi/lib/armv6k/fpu\libg.a(lib_a-wctomb_r.o)
                0x000000000011a8cc                __utf8_wctomb
 .text._calloc_r
                0x000000000011a9b4       0x94 c:/devkitpro/devkitarm/bin/../lib/gcc/arm-none-eabi/8.1.0/../../../../arm-none-eabi/lib/armv6k/fpu\libg.a(lib_a-callocr.o)
                0x000000000011a9b4                _calloc_r
 .text._fclose_r
                0x000000000011aa48      0x160 c:/devkitpro/devkitarm/bin/../lib/gcc/arm-none-eabi/8.1.0/../../../../arm-none-eabi/lib/armv6k/fpu\libg.a(lib_a-fclose.o)
                0x000000000011aa48                _fclose_r
 .text.rshift   0x000000000011aba8       0xec c:/devkitpro/devkitarm/bin/../lib/gcc/arm-none-eabi/8.1.0/../../../../arm-none-eabi/lib/armv6k/fpu\libg.a(lib_a-gdtoa-gethex.o)
 .text.__gethex
                0x000000000011ac94      0x828 c:/devkitpro/devkitarm/bin/../lib/gcc/arm-none-eabi/8.1.0/../../../../arm-none-eabi/lib/armv6k/fpu\libg.a(lib_a-gdtoa-gethex.o)
                0x000000000011ac94                __gethex
 .text.__match  0x000000000011b4bc       0x60 c:/devkitpro/devkitarm/bin/../lib/gcc/arm-none-eabi/8.1.0/../../../../arm-none-eabi/lib/armv6k/fpu\libg.a(lib_a-gdtoa-hexnan.o)
                0x000000000011b4bc                __match
 .text.__hexnan
                0x000000000011b51c      0x254 c:/devkitpro/devkitarm/bin/../lib/gcc/arm-none-eabi/8.1.0/../../../../arm-none-eabi/lib/armv6k/fpu\libg.a(lib_a-gdtoa-hexnan.o)
                0x000000000011b51c                __hexnan
 .text.null_write
                0x000000000011b770        0x8 c:/devkitpro/devkitarm/bin/../lib/gcc/arm-none-eabi/8.1.0/../../../../arm-none-eabi/lib/armv6k/fpu\libsysbase.a(iosupport.o)
 .text.setDefaultDevice
                0x000000000011b778       0x18 c:/devkitpro/devkitarm/bin/../lib/gcc/arm-none-eabi/8.1.0/../../../../arm-none-eabi/lib/armv6k/fpu\libsysbase.a(iosupport.o)
                0x000000000011b778                setDefaultDevice
 .text.FindDevice
                0x000000000011b790       0xcc c:/devkitpro/devkitarm/bin/../lib/gcc/arm-none-eabi/8.1.0/../../../../arm-none-eabi/lib/armv6k/fpu\libsysbase.a(iosupport.o)
                0x000000000011b790                FindDevice
 .text.RemoveDevice
                0x000000000011b85c       0x28 c:/devkitpro/devkitarm/bin/../lib/gcc/arm-none-eabi/8.1.0/../../../../arm-none-eabi/lib/armv6k/fpu\libsysbase.a(iosupport.o)
                0x000000000011b85c                RemoveDevice
 .text.AddDevice
                0x000000000011b884       0x98 c:/devkitpro/devkitarm/bin/../lib/gcc/arm-none-eabi/8.1.0/../../../../arm-none-eabi/lib/armv6k/fpu\libsysbase.a(iosupport.o)
                0x000000000011b884                AddDevice
 .text._close_r
                0x000000000011b91c       0x84 c:/devkitpro/devkitarm/bin/../lib/gcc/arm-none-eabi/8.1.0/../../../../arm-none-eabi/lib/armv6k/fpu\libsysbase.a(close.o)
                0x000000000011b91c                _close_r
 .text._fstat_r
                0x000000000011b9a0       0x74 c:/devkitpro/devkitarm/bin/../lib/gcc/arm-none-eabi/8.1.0/../../../../arm-none-eabi/lib/armv6k/fpu\libsysbase.a(fstat.o)
                0x000000000011b9a0                _fstat_r
 .text._isatty_r
                0x000000000011ba14        0x8 c:/devkitpro/devkitarm/bin/../lib/gcc/arm-none-eabi/8.1.0/../../../../arm-none-eabi/lib/armv6k/fpu\libsysbase.a(isatty.o)
                0x000000000011ba14                _isatty_r
 .text._lseek_r
                0x000000000011ba1c       0x84 c:/devkitpro/devkitarm/bin/../lib/gcc/arm-none-eabi/8.1.0/../../../../arm-none-eabi/lib/armv6k/fpu\libsysbase.a(lseek.o)
                0x000000000011ba1c                _lseek_r
 .text._read_r  0x000000000011baa0       0x80 c:/devkitpro/devkitarm/bin/../lib/gcc/arm-none-eabi/8.1.0/../../../../arm-none-eabi/lib/armv6k/fpu\libsysbase.a(read.o)
                0x000000000011baa0                _read_r
 .text._sbrk_r  0x000000000011bb20       0x70 c:/devkitpro/devkitarm/bin/../lib/gcc/arm-none-eabi/8.1.0/../../../../arm-none-eabi/lib/armv6k/fpu\libsysbase.a(sbrk.o)
                0x000000000011bb20                _sbrk_r
 .text._write_r
                0x000000000011bb90       0x80 c:/devkitpro/devkitarm/bin/../lib/gcc/arm-none-eabi/8.1.0/../../../../arm-none-eabi/lib/armv6k/fpu\libsysbase.a(write.o)
                0x000000000011bb90                _write_r
 .text._concatenate_path
                0x000000000011bc10      0x1cc c:/devkitpro/devkitarm/bin/../lib/gcc/arm-none-eabi/8.1.0/../../../../arm-none-eabi/lib/armv6k/fpu\libsysbase.a(chdir.o)
                0x000000000011bc10                _concatenate_path
 .text.chdir    0x000000000011bddc      0x15c c:/devkitpro/devkitarm/bin/../lib/gcc/arm-none-eabi/8.1.0/../../../../arm-none-eabi/lib/armv6k/fpu\libsysbase.a(chdir.o)
                0x000000000011bddc                chdir
 .text.__flockfile
                0x000000000011bf38        0x8 c:/devkitpro/devkitarm/bin/../lib/gcc/arm-none-eabi/8.1.0/../../../../arm-none-eabi/lib/armv6k/fpu\libsysbase.a(flock.o)
                0x000000000011bf38                __flockfile
 .text.__funlockfile
                0x000000000011bf40        0x8 c:/devkitpro/devkitarm/bin/../lib/gcc/arm-none-eabi/8.1.0/../../../../arm-none-eabi/lib/armv6k/fpu\libsysbase.a(flock.o)
                0x000000000011bf40                __funlockfile
 .text.__libc_lock_acquire
                0x000000000011bf48       0x18 c:/devkitpro/devkitarm/bin/../lib/gcc/arm-none-eabi/8.1.0/../../../../arm-none-eabi/lib/armv6k/fpu\libsysbase.a(syscall_support.o)
                0x000000000011bf48                __libc_lock_acquire
 .text.__libc_lock_release
                0x000000000011bf60       0x18 c:/devkitpro/devkitarm/bin/../lib/gcc/arm-none-eabi/8.1.0/../../../../arm-none-eabi/lib/armv6k/fpu\libsysbase.a(syscall_support.o)
                0x000000000011bf60                __libc_lock_release
 .text.__libc_lock_init_recursive
                0x000000000011bf78       0x18 c:/devkitpro/devkitarm/bin/../lib/gcc/arm-none-eabi/8.1.0/../../../../arm-none-eabi/lib/armv6k/fpu\libsysbase.a(syscall_support.o)
                0x000000000011bf78                __libc_lock_init_recursive
 .text.__libc_lock_acquire_recursive
                0x000000000011bf90       0x18 c:/devkitpro/devkitarm/bin/../lib/gcc/arm-none-eabi/8.1.0/../../../../arm-none-eabi/lib/armv6k/fpu\libsysbase.a(syscall_support.o)
                0x000000000011bf90                __libc_lock_acquire_recursive
 .text.__libc_lock_release_recursive
                0x000000000011bfa8       0x18 c:/devkitpro/devkitarm/bin/../lib/gcc/arm-none-eabi/8.1.0/../../../../arm-none-eabi/lib/armv6k/fpu\libsysbase.a(syscall_support.o)
                0x000000000011bfa8                __libc_lock_release_recursive
 .text.__libc_lock_close_recursive
                0x000000000011bfc0       0x18 c:/devkitpro/devkitarm/bin/../lib/gcc/arm-none-eabi/8.1.0/../../../../arm-none-eabi/lib/armv6k/fpu\libsysbase.a(syscall_support.o)
                0x000000000011bfc0                __libc_lock_close_recursive
 .text.__release_handle
                0x000000000011bfd8       0x8c c:/devkitpro/devkitarm/bin/../lib/gcc/arm-none-eabi/8.1.0/../../../../arm-none-eabi/lib/armv6k/fpu\libsysbase.a(handle_manager.o)
                0x000000000011bfd8                __release_handle
 .text.__get_handle
                0x000000000011c064       0x18 c:/devkitpro/devkitarm/bin/../lib/gcc/arm-none-eabi/8.1.0/../../../../arm-none-eabi/lib/armv6k/fpu\libsysbase.a(handle_manager.o)
                0x000000000011c064                __get_handle
 .text.__getreent
                0x000000000011c07c       0x28 c:/devkitpro/devkitarm/bin/../lib/gcc/arm-none-eabi/8.1.0/../../../../arm-none-eabi/lib/armv6k/fpu\libsysbase.a(getreent.o)
                0x000000000011c07c                __getreent
 .text.strrchr  0x000000000011c0a4       0x44 c:/devkitpro/devkitarm/bin/../lib/gcc/arm-none-eabi/8.1.0/../../../../arm-none-eabi/lib/armv6k/fpu\libg.a(lib_a-strrchr.o)
                0x000000000011c0a4                strrchr
 *(.glue_7)
 .glue_7        0x000000000011c0e8        0x0 linker stubs
 *(.glue_7t)
 .glue_7t       0x000000000011c0e8        0x0 linker stubs
 *(.stub)
 *(.gnu.warning)
 *(.gnu.linkonce.t*)
                0x000000000011c0e8                . = ALIGN (0x4)
 *(.fini)
 .fini          0x000000000011c0e8        0xc c:/devkitpro/devkitarm/bin/../lib/gcc/arm-none-eabi/8.1.0/armv6k/fpu/crti.o
                0x000000000011c0e8                _fini
 .fini          0x000000000011c0f4        0xc c:/devkitpro/devkitarm/bin/../lib/gcc/arm-none-eabi/8.1.0/armv6k/fpu/crtn.o
                0x000000000011c100                . = ALIGN (0x4)

.vfp11_veneer   0x000000000011c100        0x0
 .vfp11_veneer  0x000000000011c100        0x0 linker stubs

.v4_bx          0x000000000011c100        0x0
 .v4_bx         0x000000000011c100        0x0 linker stubs

.iplt           0x000000000011c100        0x0
 .iplt          0x000000000011c100        0x0 c:/devkitpro/devkitarm/bin/../lib/gcc/arm-none-eabi/8.1.0/../../../../arm-none-eabi/lib/armv6k/fpu/3dsx_crt0.o
                0x000000000011d000                . = ALIGN (0x1000)

.rodata         0x000000000011d000     0x45a8
 *(.rodata)
 .rodata        0x000000000011d000      0x804 C:/devkitPro/libctru/lib\libctru.a(default_font.bin.o)
                0x000000000011d000                default_font_bin
                0x000000000011d800                default_font_bin_size
                0x000000000011d800                default_font_bin_end
 .rodata        0x000000000011d804        0xc C:/devkitPro/libctru/lib\libctru.a(sdmc_dev.o)
 *(.roda)
 *(.rodata.*)
 .rodata.str1.4
                0x000000000011d810       0x3c main.o
 .rodata.colorTable
                0x000000000011d84c       0x30 C:/devkitPro/libctru/lib\libctru.a(console.o)
 .rodata.con_write.str1.4
                0x000000000011d87c       0x52 C:/devkitPro/libctru/lib\libctru.a(console.o)
 *fill*         0x000000000011d8ce        0x2 
 .rodata.dotab_stdout
                0x000000000011d8d0       0x68 C:/devkitPro/libctru/lib\libctru.a(console.o)
 .rodata.str1.4
                0x000000000011d938       0x10 C:/devkitPro/libctru/lib\libctru.a(console.o)
 .rodata.CSWTCH.56
                0x000000000011d948       0x14 C:/devkitPro/libctru/lib\libctru.a(gfx.o)
 .rodata.framebufferInfoSt
                0x000000000011d95c        0x8 C:/devkitPro/libctru/lib\libctru.a(gfx.o)
 .rodata.gspInit.str1.4
                0x000000000011d964        0x9 C:/devkitPro/libctru/lib\libctru.a(gspgpu.o)
 *fill*         0x000000000011d96d        0x3 
 .rodata.aptSendCommand.str1.4
                0x000000000011d970       0x16 C:/devkitPro/libctru/lib\libctru.a(apt.o)
 *fill*         0x000000000011d986        0x2 
 .rodata.hidInit.str1.4
                0x000000000011d988       0x15 C:/devkitPro/libctru/lib\libctru.a(hid.o)
 *fill*         0x000000000011d99d        0x3 
 .rodata.srvInit.str1.4
                0x000000000011d9a0        0x5 C:/devkitPro/libctru/lib\libctru.a(srv.o)
 *fill*         0x000000000011d9a5        0x3 
 .rodata.irrstInit.str1.4
                0x000000000011d9a8        0x7 C:/devkitPro/libctru/lib\libctru.a(irrst.o)
 *fill*         0x000000000011d9af        0x1 
 .rodata.ptmSysmInit.str1.4
                0x000000000011d9b0        0x9 C:/devkitPro/libctru/lib\libctru.a(ptmsysm.o)
 *fill*         0x000000000011d9b9        0x3 
 .rodata.error_table
                0x000000000011d9bc       0x30 C:/devkitPro/libctru/lib\libctru.a(sdmc_dev.o)
 .rodata.sdmcExit.str1.4
                0x000000000011d9ec        0x6 C:/devkitPro/libctru/lib\libctru.a(sdmc_dev.o)
 *fill*         0x000000000011d9f2        0x2 
 .rodata.str1.4
                0x000000000011d9f4        0x5 C:/devkitPro/libctru/lib\libctru.a(sdmc_dev.o)
                                          0x9 (size before relaxing)
 *fill*         0x000000000011d9f9        0x3 
 .rodata.fsInit.str1.4
                0x000000000011d9fc        0x8 C:/devkitPro/libctru/lib\libctru.a(fs.o)
 .rodata.__ssvfscanf_r.str1.1
                0x000000000011da04        0x5 c:/devkitpro/devkitarm/bin/../lib/gcc/arm-none-eabi/8.1.0/../../../../arm-none-eabi/lib/armv6k/fpu\libg.a(lib_a-svfscanf.o)
 *fill*         0x000000000011da09        0x3 
 .rodata.basefix.8753
                0x000000000011da0c       0x22 c:/devkitpro/devkitarm/bin/../lib/gcc/arm-none-eabi/8.1.0/../../../../arm-none-eabi/lib/armv6k/fpu\libg.a(lib_a-svfscanf.o)
 .rodata._vfprintf_r.str1.1
                0x000000000011da2e       0x3b c:/devkitpro/devkitarm/bin/../lib/gcc/arm-none-eabi/8.1.0/../../../../arm-none-eabi/lib/armv6k/fpu\libg.a(lib_a-vfprintf.o)
 *fill*         0x000000000011da69        0x3 
 .rodata.blanks.8720
                0x000000000011da6c       0x10 c:/devkitpro/devkitarm/bin/../lib/gcc/arm-none-eabi/8.1.0/../../../../arm-none-eabi/lib/armv6k/fpu\libg.a(lib_a-vfprintf.o)
 .rodata.zeroes.8721
                0x000000000011da7c       0x10 c:/devkitpro/devkitarm/bin/../lib/gcc/arm-none-eabi/8.1.0/../../../../arm-none-eabi/lib/armv6k/fpu\libg.a(lib_a-vfprintf.o)
 .rodata._dtoa_r.str1.4
                0x000000000011da8c       0x12 c:/devkitpro/devkitarm/bin/../lib/gcc/arm-none-eabi/8.1.0/../../../../arm-none-eabi/lib/armv6k/fpu\libg.a(lib_a-dtoa.o)
 *fill*         0x000000000011da9e        0x2 
 .rodata._jp2uc.str1.4
                0x000000000011daa0       0x12 c:/devkitpro/devkitarm/bin/../lib/gcc/arm-none-eabi/8.1.0/../../../../arm-none-eabi/lib/armv6k/fpu\libg.a(lib_a-jp2uc.o)
 *fill*         0x000000000011dab2        0x2 
 .rodata.a1     0x000000000011dab4       0xbc c:/devkitpro/devkitarm/bin/../lib/gcc/arm-none-eabi/8.1.0/../../../../arm-none-eabi/lib/armv6k/fpu\libg.a(lib_a-jp2uc.o)
 .rodata.a2     0x000000000011db70       0xbc c:/devkitpro/devkitarm/bin/../lib/gcc/arm-none-eabi/8.1.0/../../../../arm-none-eabi/lib/armv6k/fpu\libg.a(lib_a-jp2uc.o)
 .rodata.a3     0x000000000011dc2c       0x5b c:/devkitpro/devkitarm/bin/../lib/gcc/arm-none-eabi/8.1.0/../../../../arm-none-eabi/lib/armv6k/fpu\libg.a(lib_a-jp2uc.o)
 *fill*         0x000000000011dc87        0x1 
 .rodata.a6     0x000000000011dc88       0x70 c:/devkitpro/devkitarm/bin/../lib/gcc/arm-none-eabi/8.1.0/../../../../arm-none-eabi/lib/armv6k/fpu\libg.a(lib_a-jp2uc.o)
 .rodata.a7     0x000000000011dcf8       0xa2 c:/devkitpro/devkitarm/bin/../lib/gcc/arm-none-eabi/8.1.0/../../../../arm-none-eabi/lib/armv6k/fpu\libg.a(lib_a-jp2uc.o)
 *fill*         0x000000000011dd9a        0x2 
 .rodata.a8     0x000000000011dd9c       0x40 c:/devkitpro/devkitarm/bin/../lib/gcc/arm-none-eabi/8.1.0/../../../../arm-none-eabi/lib/armv6k/fpu\libg.a(lib_a-jp2uc.o)
 .rodata.b02cf  0x000000000011dddc     0x172a c:/devkitpro/devkitarm/bin/../lib/gcc/arm-none-eabi/8.1.0/../../../../arm-none-eabi/lib/armv6k/fpu\libg.a(lib_a-jp2uc.o)
 *fill*         0x000000000011f506        0x2 
 .rodata.d02f4  0x000000000011f508     0x1a7c c:/devkitpro/devkitarm/bin/../lib/gcc/arm-none-eabi/8.1.0/../../../../arm-none-eabi/lib/armv6k/fpu\libg.a(lib_a-jp2uc.o)
 .rodata.str1.4
                0x0000000000120f84       0x48 c:/devkitpro/devkitarm/bin/../lib/gcc/arm-none-eabi/8.1.0/../../../../arm-none-eabi/lib/armv6k/fpu\libg.a(lib_a-locale.o)
                                         0x4c (size before relaxing)
 .rodata._mbrtowc_r.str1.4
                0x0000000000120fcc        0x1 c:/devkitpro/devkitarm/bin/../lib/gcc/arm-none-eabi/8.1.0/../../../../arm-none-eabi/lib/armv6k/fpu\libg.a(lib_a-mbrtowc.o)
 *fill*         0x0000000000120fcc        0x4 
 .rodata.__mprec_bigtens
                0x0000000000120fd0       0x28 c:/devkitpro/devkitarm/bin/../lib/gcc/arm-none-eabi/8.1.0/../../../../arm-none-eabi/lib/armv6k/fpu\libg.a(lib_a-mprec.o)
                0x0000000000120fd0                __mprec_bigtens
 .rodata.__mprec_tens
                0x0000000000120ff8       0xc8 c:/devkitpro/devkitarm/bin/../lib/gcc/arm-none-eabi/8.1.0/../../../../arm-none-eabi/lib/armv6k/fpu\libg.a(lib_a-mprec.o)
                0x0000000000120ff8                __mprec_tens
 .rodata.p05.7473
                0x00000000001210c0        0xc c:/devkitpro/devkitarm/bin/../lib/gcc/arm-none-eabi/8.1.0/../../../../arm-none-eabi/lib/armv6k/fpu\libg.a(lib_a-mprec.o)
 .rodata._strtod_l.str1.4
                0x00000000001210cc        0xf c:/devkitpro/devkitarm/bin/../lib/gcc/arm-none-eabi/8.1.0/../../../../arm-none-eabi/lib/armv6k/fpu\libg.a(lib_a-strtod.o)
 *fill*         0x00000000001210db        0x1 
 .rodata.fpi.7553
                0x00000000001210dc       0x14 c:/devkitpro/devkitarm/bin/../lib/gcc/arm-none-eabi/8.1.0/../../../../arm-none-eabi/lib/armv6k/fpu\libg.a(lib_a-strtod.o)
 .rodata.fpinan.7589
                0x00000000001210f0       0x14 c:/devkitpro/devkitarm/bin/../lib/gcc/arm-none-eabi/8.1.0/../../../../arm-none-eabi/lib/armv6k/fpu\libg.a(lib_a-strtod.o)
 *fill*         0x0000000000121104        0x4 
 .rodata.tinytens
                0x0000000000121108       0x28 c:/devkitpro/devkitarm/bin/../lib/gcc/arm-none-eabi/8.1.0/../../../../arm-none-eabi/lib/armv6k/fpu\libg.a(lib_a-strtod.o)
 .rodata.__action_table
                0x0000000000121130       0x6c c:/devkitpro/devkitarm/bin/../lib/gcc/arm-none-eabi/8.1.0/../../../../arm-none-eabi/lib/armv6k/fpu\libg.a(lib_a-svfiprintf.o)
                0x0000000000121130                __action_table
 .rodata.__chclass
                0x000000000012119c      0x100 c:/devkitpro/devkitarm/bin/../lib/gcc/arm-none-eabi/8.1.0/../../../../arm-none-eabi/lib/armv6k/fpu\libg.a(lib_a-svfiprintf.o)
                0x000000000012119c                __chclass
 .rodata.__state_table
                0x000000000012129c       0x6c c:/devkitpro/devkitarm/bin/../lib/gcc/arm-none-eabi/8.1.0/../../../../arm-none-eabi/lib/armv6k/fpu\libg.a(lib_a-svfiprintf.o)
                0x000000000012129c                __state_table
 .rodata._svfprintf_r.str1.1
                0x0000000000121308       0x3b c:/devkitpro/devkitarm/bin/../lib/gcc/arm-none-eabi/8.1.0/../../../../arm-none-eabi/lib/armv6k/fpu\libg.a(lib_a-svfprintf.o)
 .rodata.blanks.8705
                0x0000000000121308       0x10 c:/devkitpro/devkitarm/bin/../lib/gcc/arm-none-eabi/8.1.0/../../../../arm-none-eabi/lib/armv6k/fpu\libg.a(lib_a-svfprintf.o)
 .rodata.zeroes.8706
                0x0000000000121318       0x10 c:/devkitpro/devkitarm/bin/../lib/gcc/arm-none-eabi/8.1.0/../../../../arm-none-eabi/lib/armv6k/fpu\libg.a(lib_a-svfprintf.o)
 .rodata._ctype_
                0x0000000000121328      0x101 c:/devkitpro/devkitarm/bin/../lib/gcc/arm-none-eabi/8.1.0/../../../../arm-none-eabi/lib/armv6k/fpu\libg.a(lib_a-ctype_.o)
                0x0000000000121328                _ctype_
 *fill*         0x0000000000121429        0x3 
 .rodata.__hexdig
                0x000000000012142c      0x100 c:/devkitpro/devkitarm/bin/../lib/gcc/arm-none-eabi/8.1.0/../../../../arm-none-eabi/lib/armv6k/fpu\libg.a(lib_a-gdtoa-gethex.o)
                0x000000000012142c                __hexdig
 .rodata.AddDevice.str1.4
                0x000000000012152c        0x8 c:/devkitpro/devkitarm/bin/../lib/gcc/arm-none-eabi/8.1.0/../../../../arm-none-eabi/lib/armv6k/fpu\libsysbase.a(iosupport.o)
 .rodata.dotab_stdnull
                0x0000000000121534       0x70 c:/devkitpro/devkitarm/bin/../lib/gcc/arm-none-eabi/8.1.0/../../../../arm-none-eabi/lib/armv6k/fpu\libsysbase.a(iosupport.o)
                0x0000000000121534                dotab_stdnull
 .rodata.DIRECTORY_PARENT
                0x00000000001215a4        0x3 c:/devkitpro/devkitarm/bin/../lib/gcc/arm-none-eabi/8.1.0/../../../../arm-none-eabi/lib/armv6k/fpu\libsysbase.a(chdir.o)
                0x00000000001215a4                DIRECTORY_PARENT
 *all.rodata*(*)
 *(.gnu.linkonce.r*)
                0x00000000001215a8                . = ALIGN (0x4)
 *fill*         0x00000000001215a7        0x1 

.eh_frame       0x00000000001215a8        0x0
 .eh_frame      0x00000000001215a8        0x0 c:/devkitpro/devkitarm/bin/../lib/gcc/arm-none-eabi/8.1.0/armv6k/fpu/crtbegin.o

.rel.dyn        0x00000000001215a8        0x0
 .rel.iplt      0x00000000001215a8        0x0 c:/devkitpro/devkitarm/bin/../lib/gcc/arm-none-eabi/8.1.0/../../../../arm-none-eabi/lib/armv6k/fpu/3dsx_crt0.o

.ARM.extab
 *(.ARM.extab* .gnu.linkonce.armextab.*)
                0x00000000001215a8                __exidx_start = .

ARM.exidx
 *(.ARM.exidx* .gnu.linkonce.armexidx.*)
                0x00000000001215a8                __exidx_end = .
                0x0000000000122000                . = ALIGN (0x1000)

.data           0x0000000000122000     0x2f4c
 *(.data)
 .data          0x0000000000122000        0x4 C:/devkitPro/libctru/lib\libctru.a(stack_adjust.o)
                0x0000000000122000                __stacksize__
 *(.data.*)
 .data.currentConsole
                0x0000000000122004        0x4 C:/devkitPro/libctru/lib\libctru.a(console.o)
                0x0000000000122004                currentConsole
 .data.defaultConsole
                0x0000000000122008       0x4c C:/devkitPro/libctru/lib\libctru.a(console.o)
                0x0000000000122008                defaultConsole
 .data.firstConsoleInit.8155
                0x0000000000122054        0x1 C:/devkitPro/libctru/lib\libctru.a(console.o)
 .data.botFormat
                0x0000000000122055        0x1 C:/devkitPro/libctru/lib\libctru.a(gfx.o)
 *fill*         0x0000000000122056        0x2 
 .data.doubleBuf
                0x0000000000122058        0x8 C:/devkitPro/libctru/lib\libctru.a(gfx.o)
 .data.topFormat
                0x0000000000122060        0x1 C:/devkitPro/libctru/lib\libctru.a(gfx.o)
 *fill*         0x0000000000122061        0x3 
 .data.gspLastEvent
                0x0000000000122064        0x4 C:/devkitPro/libctru/lib\libctru.a(gspgpu.o)
 .data.aptFlags
                0x0000000000122068        0x4 C:/devkitPro/libctru/lib\libctru.a(apt.o)
 .data.__ctru_linear_heap_size
                0x000000000012206c        0x4 C:/devkitPro/libctru/lib\libctru.a(allocateHeaps.o)
                0x000000000012206c                __ctru_linear_heap_size
 .data.__cwd    0x0000000000122070      0x401 C:/devkitPro/libctru/lib\libctru.a(sdmc_dev.o)
 *fill*         0x0000000000122471        0x3 
 .data.sdmc_devoptab
                0x0000000000122474       0x68 C:/devkitPro/libctru/lib\libctru.a(sdmc_dev.o)
 .data._impure_ptr
                0x00000000001224dc        0x4 c:/devkitpro/devkitarm/bin/../lib/gcc/arm-none-eabi/8.1.0/../../../../arm-none-eabi/lib/armv6k/fpu\libg.a(lib_a-impure.o)
                0x00000000001224dc                _impure_ptr
 .data.impure_data
                0x00000000001224e0      0x460 c:/devkitpro/devkitarm/bin/../lib/gcc/arm-none-eabi/8.1.0/../../../../arm-none-eabi/lib/armv6k/fpu\libg.a(lib_a-impure.o)
 .data.__malloc_av_
                0x0000000000122940      0x408 c:/devkitpro/devkitarm/bin/../lib/gcc/arm-none-eabi/8.1.0/../../../../arm-none-eabi/lib/armv6k/fpu\libg.a(lib_a-mallocr.o)
                0x0000000000122940                __malloc_av_
 .data.__malloc_sbrk_base
                0x0000000000122d48        0x4 c:/devkitpro/devkitarm/bin/../lib/gcc/arm-none-eabi/8.1.0/../../../../arm-none-eabi/lib/armv6k/fpu\libg.a(lib_a-mallocr.o)
                0x0000000000122d48                __malloc_sbrk_base
 .data.__malloc_trim_threshold
                0x0000000000122d4c        0x4 c:/devkitpro/devkitarm/bin/../lib/gcc/arm-none-eabi/8.1.0/../../../../arm-none-eabi/lib/armv6k/fpu\libg.a(lib_a-mallocr.o)
                0x0000000000122d4c                __malloc_trim_threshold
 .data.__malloc_recursive_mutex
                0x0000000000122d50        0xc c:/devkitpro/devkitarm/bin/../lib/gcc/arm-none-eabi/8.1.0/../../../../arm-none-eabi/lib/armv6k/fpu\libg.a(lib_a-mlock.o)
 .data.__sfp_recursive_mutex
                0x0000000000122d5c        0xc c:/devkitpro/devkitarm/bin/../lib/gcc/arm-none-eabi/8.1.0/../../../../arm-none-eabi/lib/armv6k/fpu\libg.a(lib_a-findfp.o)
 .data.__sinit_recursive_mutex
                0x0000000000122d68        0xc c:/devkitpro/devkitarm/bin/../lib/gcc/arm-none-eabi/8.1.0/../../../../arm-none-eabi/lib/armv6k/fpu\libg.a(lib_a-findfp.o)
 .data.__global_locale
                0x0000000000122d74      0x16c c:/devkitpro/devkitarm/bin/../lib/gcc/arm-none-eabi/8.1.0/../../../../arm-none-eabi/lib/armv6k/fpu\libg.a(lib_a-locale.o)
                0x0000000000122d74                __global_locale
 .data.defaultDevice
                0x0000000000122ee0        0x4 c:/devkitpro/devkitarm/bin/../lib/gcc/arm-none-eabi/8.1.0/../../../../arm-none-eabi/lib/armv6k/fpu\libsysbase.a(iosupport.o)
 .data.devoptab_list
                0x0000000000122ee4       0x40 c:/devkitpro/devkitarm/bin/../lib/gcc/arm-none-eabi/8.1.0/../../../../arm-none-eabi/lib/armv6k/fpu\libsysbase.a(iosupport.o)
                0x0000000000122ee4                devoptab_list
 .data._current_working_directory
                0x0000000000122f24     0x1000 c:/devkitpro/devkitarm/bin/../lib/gcc/arm-none-eabi/8.1.0/../../../../arm-none-eabi/lib/armv6k/fpu\libsysbase.a(chdir.o)
 .data.__hndl_lock
                0x0000000000123f24        0x4 c:/devkitpro/devkitarm/bin/../lib/gcc/arm-none-eabi/8.1.0/../../../../arm-none-eabi/lib/armv6k/fpu\libsysbase.a(handle_manager.o)
 .data.__stderr_handle
                0x0000000000123f28        0xc c:/devkitpro/devkitarm/bin/../lib/gcc/arm-none-eabi/8.1.0/../../../../arm-none-eabi/lib/armv6k/fpu\libsysbase.a(handle_manager.o)
 .data.__stdin_handle
                0x0000000000123f34        0xc c:/devkitpro/devkitarm/bin/../lib/gcc/arm-none-eabi/8.1.0/../../../../arm-none-eabi/lib/armv6k/fpu\libsysbase.a(handle_manager.o)
 .data.__stdout_handle
                0x0000000000123f40        0xc c:/devkitpro/devkitarm/bin/../lib/gcc/arm-none-eabi/8.1.0/../../../../arm-none-eabi/lib/armv6k/fpu\libsysbase.a(handle_manager.o)
 .data.handles  0x0000000000123f4c     0x1000 c:/devkitpro/devkitarm/bin/../lib/gcc/arm-none-eabi/8.1.0/../../../../arm-none-eabi/lib/armv6k/fpu\libsysbase.a(handle_manager.o)
 *(.gnu.linkonce.d*)
                0x0000000000124f4c                . = ALIGN (0x4)

.igot.plt       0x0000000000124f4c        0x0
 .igot.plt      0x0000000000124f4c        0x0 c:/devkitpro/devkitarm/bin/../lib/gcc/arm-none-eabi/8.1.0/../../../../arm-none-eabi/lib/armv6k/fpu/3dsx_crt0.o

.tm_clone_table
                0x0000000000124f4c        0x0
 .tm_clone_table
                0x0000000000124f4c        0x0 c:/devkitpro/devkitarm/bin/../lib/gcc/arm-none-eabi/8.1.0/armv6k/fpu/crtbegin.o
 .tm_clone_table
                0x0000000000124f4c        0x0 c:/devkitpro/devkitarm/bin/../lib/gcc/arm-none-eabi/8.1.0/armv6k/fpu/crtend.o
                0x0000000000124f4c                __TMC_END__

.tdata          0x0000000000124f4c        0x0
                0x0000000000124f4c                __tdata_lma = .
 *(.tdata)
 *(.tdata.*)
 *(.gnu.linkonce.td.*)
                0x0000000000124f4c                . = ALIGN (0x4)
                0x0000000000124f4c                __tdata_lma_end = .

.tbss           0x0000000000124f4c     0x140c
 *(.tbss)
 *(.tbss.*)
 .tbss.__fixedpath
                0x0000000000124f4c      0x401 C:/devkitPro/libctru/lib\libctru.a(sdmc_dev.o)
 *fill*         0x000000000012534d        0x3 
 .tbss.__utf16path
                0x0000000000125350      0x802 C:/devkitPro/libctru/lib\libctru.a(sdmc_dev.o)
 *fill*         0x0000000000125b52        0x2 
 .tbss.__utf16path_old.8298
                0x0000000000125b54      0x802 C:/devkitPro/libctru/lib\libctru.a(sdmc_dev.o)
 *(.gnu.linkonce.tb.*)
 *(.tcommon)
                0x0000000000126358                . = ALIGN (0x4)
 *fill*         0x0000000000126356        0x2 

.preinit_array  0x0000000000124f4c        0x0
                0x0000000000124f4c                PROVIDE (__preinit_array_start = .)
 *(.preinit_array)
                0x0000000000124f4c                PROVIDE (__preinit_array_end = .)

.init_array     0x0000000000124f4c        0x4
                0x0000000000124f4c                PROVIDE (__init_array_start = .)
 *(SORT_BY_NAME(.init_array.*))
 *(.init_array)
 .init_array    0x0000000000124f4c        0x4 c:/devkitpro/devkitarm/bin/../lib/gcc/arm-none-eabi/8.1.0/armv6k/fpu/crtbegin.o
                0x0000000000124f50                PROVIDE (__init_array_end = .)

.fini_array     0x0000000000124f50        0x4
                0x0000000000124f50                PROVIDE (__fini_array_start = .)
 *(.fini_array)
 .fini_array    0x0000000000124f50        0x4 c:/devkitpro/devkitarm/bin/../lib/gcc/arm-none-eabi/8.1.0/armv6k/fpu/crtbegin.o
 *(SORT_BY_NAME(.fini_array.*))
                0x0000000000124f54                PROVIDE (__fini_array_end = .)

.ctors
 *crtbegin.o(.ctors)
 *(EXCLUDE_FILE(*crtend.o) .ctors)
 *(SORT_BY_NAME(.ctors.*))
 *(.ctors)

.dtors
 *crtbegin.o(.dtors)
 *(EXCLUDE_FILE(*crtend.o) .dtors)
 *(SORT_BY_NAME(.dtors.*))
 *(.dtors)
                0x0000000000124f54                __bss_start__ = .

.bss            0x0000000000124f54     0x37e8
 *(.dynbss)
 *(.bss)
 .bss           0x0000000000124f54        0x8 C:/devkitPro/libctru/lib\libctru.a(stack_adjust.o)
 *(.bss.*)
 .bss.completed.10347